Microchip MPLAB XC8 Compiler V1.43 ()

Linker command line:

-W-3 --edf=C:\Program Files (x86)\Microchip\xc8\v1.43\dat\en_msgs.txt -cs \
  -h+dist/default/production\2M_HL345.X.production.sym \
  --cmf=dist/default/production\2M_HL345.X.production.cmf -z -Q16F18345 \
  -oC:\Users\qualt\AppData\Local\Temp\s5ag.2 \
  -Mdist/default/production/2M_HL345.X.production.map -E1 -ver=XC8 \
  -ASTACK=020AAh-023efh -pstack=STACK -ACODE=00h-07FFhx4 \
  -ASTRCODE=00h-01FFFh -ASTRING=00h-0FFhx32 -ACONST=00h-0FFhx32 \
  -AENTRY=00h-0FFhx32 -ACOMMON=070h-07Fh -ABANK0=020h-06Fh \
  -ABANK1=0A0h-0EFh -ABANK2=0120h-016Fh -ABANK3=01A0h-01EFh \
  -ABANK4=0220h-026Fh -ABANK5=02A0h-02EFh -ABANK6=0320h-036Fh \
  -ABANK7=03A0h-03EFh -ABANK8=0420h-046Fh -ABANK9=04A0h-04EFh \
  -ABANK10=0520h-056Fh -ABANK11=05A0h-05EFh -ABANK12=0620h-064Fh \
  -ABIGRAM=02000h-023EFh \
  -ARAM=020h-06Fh,0A0h-0EFh,0120h-016Fh,01A0h-01EFh,0220h-026Fh,02A0h-02EFh,0320h-036Fh,03A0h-03EFh,0420h-046Fh,04A0h-04EFh,0520h-056Fh,05A0h-05EFh,0620h-064Fh \
  -AABS1=020h-07Fh,0A0h-0EFh,0120h-016Fh,01A0h-01EFh,0220h-026Fh,02A0h-02EFh,0320h-036Fh,03A0h-03EFh,0420h-046Fh,04A0h-04EFh,0520h-056Fh,05A0h-05EFh,0620h-064Fh \
  -ASFR0=00h-01Fh -ASFR1=080h-09Fh -ASFR2=0100h-011Fh -ASFR3=0180h-019Fh \
  -ASFR4=0200h-021Fh -ASFR5=0280h-029Fh -ASFR6=0300h-031Fh \
  -ASFR7=0380h-039Fh -ASFR8=0400h-041Fh -ASFR9=0480h-049Fh \
  -ASFR10=0500h-051Fh -ASFR11=0580h-059Fh -ASFR12=0600h-061Fh \
  -ASFR13=0680h-06EFh -ASFR14=0700h-076Fh -ASFR15=0780h-07EFh \
  -ASFR16=0800h-086Fh -ASFR17=0880h-08EFh -ASFR18=0900h-096Fh \
  -ASFR19=0980h-09EFh -ASFR20=0A00h-0A6Fh -ASFR21=0A80h-0AEFh \
  -ASFR22=0B00h-0B6Fh -ASFR23=0B80h-0BEFh -ASFR24=0C00h-0C6Fh \
  -ASFR25=0C80h-0CEFh -ASFR26=0D00h-0D6Fh -ASFR27=0D80h-0DEFh \
  -ASFR28=0E00h-0E6Fh -ASFR29=0E80h-0EEFh -ASFR30=0F00h-0F6Fh \
  -ASFR31=0F80h-0FEFh -preset_vec=00h,intentry=04h,init,end_init \
  -ppowerup=CODE -pcinit=CODE -pfunctab=ENTRY -ACONFIG=08007h-0800Ah \
  -pconfig=CONFIG -DCONFIG=2 -AIDLOC=08000h-08003h -pidloc=IDLOC -DIDLOC=2 \
  -AEEDATA=00h-0FFh/0F000h -peeprom_data=EEDATA -DEEDATA=2 -DCODE=2 \
  -DSTRCODE=2 -DSTRING=2 -DCONST=2 -DENTRY=2 -k \
  C:\Users\qualt\AppData\Local\Temp\s5ag.obj \
  dist/default/production\2M_HL345.X.production.obj 

Object code version is 3.11

Machine type is 16F18345



                Name                               Link     Load   Length Selector   Space Scale
C:\Users\qualt\AppData\Local\Temp\s5ag.obj
                end_init                             28       28        2        8       0
                reset_vec                             0        0        2        0       0
                config                             8007     8007        4    1000E       0
dist/default/production\2M_HL345.X.production.obj
                cinit                                2A       2A       23        8       0
                intentry                              4        4       24        8       0
                text85                              C59      C59       26     18B2       0
                text84                              C7F      C7F       26     18FE       0
                text83                              A3D      A3D       11     147A       0
                text82                              9D6      9D6        E     13AC       0
                text81                              910      910        1     1220       0
                swtext2                             800      800        4     1000       0
                swtext1                             804      804        2     1000       0
                text80                              2B7      2B7       AF        8       0
                text79                              AAB      AAB       15     1556       0
                text78                              B74      B74       1C     16E8       0
                text77                              F45      F45       51     1E8A       0
                text76                              D8E      D8E       46     1B1C       0
                text75                              9B2      9B2        C     1364       0
                text74                              944      944        8     1288       0
                text73                               4D       4D      18D        8       0
                text71                              9F2      9F2        F     13E4       0
                text70                              93D      93D        7     127A       0
                text69                              530      530       8E        8       0
                text68                              A4E      A4E       12     149C       0
                text67                              B42      B42       19     1684       0
                text66                              E1A      E1A       49     1C34       0
                text65                              A01      A01        F     1402       0
                text64                              CCF      CCF       2C     199E       0
                text63                              5BE      5BE       88        8       0
                text62                              911      911        1     1222       0
                text61                              912      912        1     1224       0
                text60                              CFB      CFB       2D     19F6       0
                text59                              734      734       6C        8       0
                text58                              7A0      7A0       5C        8       0
                text57                              49A      49A       96        8       0
                text56                                2        2        2        0       0
                text55                              AC0      AC0       15     1580       0
                text54                              EAD      EAD       4B     1D5A       0
                text53                              A10      A10        F     1420       0
                text52                              BAC      BAC       20     1758       0
                text51                              A60      A60       12     14C0       0
                text50                              94C      94C        8     1298       0
                text49                              A72      A72       13     14E4       0
                text48                              A1F      A1F        F     143E       0
                text47                              AD5      AD5       15     15AA       0
                text46                              97C      97C        9     12F8       0
                text45                              9BE      9BE        C     137C       0
                text44                              AEA      AEA       15     15D4       0
                text43                              92B      92B        6     1256       0
                text42                              985      985        9     130A       0
                text41                              915      915        3     122A       0
                text40                              918      918        3     1230       0
                text39                              6C8      6C8       6C        8       0
                text38                              F96      F96       6A     1F2C       0
                text37                              9E4      9E4        E     13C8       0
                text36                              954      954        8     12A8       0
                text35                              95C      95C        8     12B8       0
                text34                              A2E      A2E        F     145C       0
                text33                              EF8      EF8       4D     1DF0       0
                text32                              913      913        1     1226       0
                text31                              B2A      B2A       18     1654       0
                text30                              964      964        8     12C8       0
                text29                              E63      E63       4A     1CC6       0
                text28                              B5B      B5B       19     16B6       0
                text27                              C10      C10       24     1820       0
                text26                              91E      91E        4     123C       0
                text25                              91B      91B        3     1236       0
                text24                              922      922        4     1244       0
                text23                              CA5      CA5       2A     194A       0
                text22                              96C      96C        8     12D8       0
                text21                              366      366       9E        8       0
                text20                              98E      98E        9     131C       0
                text19                              997      997        9     132E       0
                text18                              9A0      9A0        9     1340       0
                text17                              C34      C34       25     1868       0
                text16                              9A9      9A9        9     1352       0
                text15                              D28      D28       2F     1A50       0
                text14                              974      974        8     12E8       0
                text13                              A85      A85       13     150A       0
                text12                              7FC      7FC        4        8       0
                text11                              AFF      AFF       15     15FE       0
                text10                              B14      B14       16     1628       0
                text9                               A98      A98       13     1530       0
                text8                               BCC      BCC       22     1798       0
                text7                               D57      D57       37     1AAE       0
                text6                               DD4      DD4       46     1BA8       0
                text5                               9CA      9CA        C     1394       0
                text4                               926      926        5     124C       0
                text3                               B90      B90       1C     1720       0
                text2                               646      646       82        8       0
                text1                               1DA      1DA       DD        8       0
                maintext                            404      404       96        8       0
                cstackBANK0                          20       20       26       20       1
                cstackCOMMON                         70       70        E       70       1
                cstackBANK1                          EF       EF        1       A0       1
                cstackBANK2                         126      126        4      120       1
                clrtext                             931      931        6     1262       0
                inittext                            937      937        6     126E       0
                dataBANK1                            CB       CB       22       A0       1
                bssBANK1                             A0       A0       2B       A0       1
                dataBANK0                            65       65        1       20       1
                bssBANK0                             46       46       1F       20       1
                nvBANK2                             120      120        6      120       1
                nvBANK1                              ED       ED        2       A0       1
                stringtext2                        1000     1000       11     2000       0
                stringtext1                        1011     1011        5     2000       0
                idataBANK1                          BEE      BEE       22     17DC       0
                idataBANK0                          914      914        1     1228       0

TOTAL           Name                               Link     Load   Length     Space
        CLASS   STACK          

        CLASS   CODE           
                end_init                             28       28        2         0
                cinit                                2A       2A       23         0
                intentry                              4        4       24         0
                reset_vec                             0        0        2         0
                text85                              C59      C59       26         0
                text84                              C7F      C7F       26         0
                text83                              A3D      A3D       11         0
                text82                              9D6      9D6        E         0
                text81                              910      910        1         0
                text80                              2B7      2B7       AF         0
                text79                              AAB      AAB       15         0
                text78                              B74      B74       1C         0
                text77                              F45      F45       51         0
                text76                              D8E      D8E       46         0
                text75                              9B2      9B2        C         0
                text74                              944      944        8         0
                text73                               4D       4D      18D         0
                text71                              9F2      9F2        F         0
                text70                              93D      93D        7         0
                text69                              530      530       8E         0
                text68                              A4E      A4E       12         0
                text67                              B42      B42       19         0
                text66                              E1A      E1A       49         0
                text65                              A01      A01        F         0
                text64                              CCF      CCF       2C         0
                text63                              5BE      5BE       88         0
                text62                              911      911        1         0
                text61                              912      912        1         0
                text60                              CFB      CFB       2D         0
                text59                              734      734       6C         0
                text58                              7A0      7A0       5C         0
                text57                              49A      49A       96         0
                text56                                2        2        2         0
                text55                              AC0      AC0       15         0
                text54                              EAD      EAD       4B         0
                text53                              A10      A10        F         0
                text52                              BAC      BAC       20         0
                text51                              A60      A60       12         0
                text50                              94C      94C        8         0
                text49                              A72      A72       13         0
                text48                              A1F      A1F        F         0
                text47                              AD5      AD5       15         0
                text46                              97C      97C        9         0
                text45                              9BE      9BE        C         0
                text44                              AEA      AEA       15         0
                text43                              92B      92B        6         0
                text42                              985      985        9         0
                text41                              915      915        3         0
                text40                              918      918        3         0
                text39                              6C8      6C8       6C         0
                text38                              F96      F96       6A         0
                text37                              9E4      9E4        E         0
                text36                              954      954        8         0
                text35                              95C      95C        8         0
                text34                              A2E      A2E        F         0
                text33                              EF8      EF8       4D         0
                text32                              913      913        1         0
                text31                              B2A      B2A       18         0
                text30                              964      964        8         0
                text29                              E63      E63       4A         0
                text28                              B5B      B5B       19         0
                text27                              C10      C10       24         0
                text26                              91E      91E        4         0
                text25                              91B      91B        3         0
                text24                              922      922        4         0
                text23                              CA5      CA5       2A         0
                text22                              96C      96C        8         0
                text21                              366      366       9E         0
                text20                              98E      98E        9         0
                text19                              997      997        9         0
                text18                              9A0      9A0        9         0
                text17                              C34      C34       25         0
                text16                              9A9      9A9        9         0
                text15                              D28      D28       2F         0
                text14                              974      974        8         0
                text13                              A85      A85       13         0
                text12                              7FC      7FC        4         0
                text11                              AFF      AFF       15         0
                text10                              B14      B14       16         0
                text9                               A98      A98       13         0
                text8                               BCC      BCC       22         0
                text7                               D57      D57       37         0
                text6                               DD4      DD4       46         0
                text5                               9CA      9CA        C         0
                text4                               926      926        5         0
                text3                               B90      B90       1C         0
                text2                               646      646       82         0
                text1                               1DA      1DA       DD         0
                maintext                            404      404       96         0
                clrtext                             931      931        6         0
                inittext                            937      937        6         0
                idataBANK1                          BEE      BEE       22         0
                idataBANK0                          914      914        1         0

        CLASS   STRCODE        
                stringtext2                        1000     1000       11         0
                stringtext1                        1011     1011        5         0

        CLASS   STRING         

        CLASS   CONST          
                swtext2                             800      800        4         0
                swtext1                             804      804        2         0

        CLASS   ENTRY          

        CLASS   COMMON         
                cstackCOMMON                         70       70        E         1

        CLASS   BANK0          
                cstackBANK0                          20       20       26         1
                dataBANK0                            65       65        1         1
                bssBANK0                             46       46       1F         1

        CLASS   BANK1          
                cstackBANK1                          EF       EF        1         1
                dataBANK1                            CB       CB       22         1
                bssBANK1                             A0       A0       2B         1
                nvBANK1                              ED       ED        2         1

        CLASS   BANK2          
                cstackBANK2                         126      126        4         1
                nvBANK2                             120      120        6         1

        CLASS   BANK3          

        CLASS   BANK4          

        CLASS   BANK5          

        CLASS   BANK6          

        CLASS   BANK7          

        CLASS   BANK8          

        CLASS   BANK9          

        CLASS   BANK10         

        CLASS   BANK11         

        CLASS   BANK12         

        CLASS   BIGRAM         

        CLASS   RAM            

        CLASS   ABS1           
                abs_s1                               7E       7E        2         1

        CLASS   SFR0           

        CLASS   SFR1           

        CLASS   SFR2           

        CLASS   SFR3           

        CLASS   SFR4           

        CLASS   SFR5           

        CLASS   SFR6           

        CLASS   SFR7           

        CLASS   SFR8           

        CLASS   SFR9           

        CLASS   SFR10          

        CLASS   SFR11          

        CLASS   SFR12          

        CLASS   SFR13          

        CLASS   SFR14          

        CLASS   SFR15          

        CLASS   SFR16          

        CLASS   SFR17          

        CLASS   SFR18          

        CLASS   SFR19          

        CLASS   SFR20          

        CLASS   SFR21          

        CLASS   SFR22          

        CLASS   SFR23          

        CLASS   SFR24          

        CLASS   SFR25          

        CLASS   SFR26          

        CLASS   SFR27          

        CLASS   SFR28          

        CLASS   SFR29          

        CLASS   SFR30          

        CLASS   SFR31          

        CLASS   CONFIG         
                config                             8007     8007        4         0

        CLASS   IDLOC          

        CLASS   EEDATA         

        CLASS   BANK31         

        CLASS   BANK30         

        CLASS   BANK29         

        CLASS   BANK28         

        CLASS   BANK27         

        CLASS   BANK26         

        CLASS   BANK25         

        CLASS   BANK24         

        CLASS   BANK23         

        CLASS   BANK22         

        CLASS   BANK21         

        CLASS   BANK20         

        CLASS   BANK19         

        CLASS   BANK18         

        CLASS   BANK17         

        CLASS   BANK16         

        CLASS   BANK15         

        CLASS   BANK14         

        CLASS   BANK13         



SEGMENTS        Name                           Load    Length   Top    Selector   Space  Class     Delta

                reset_vec                      000000  000004  000004         0       0  CODE        2
                intentry                       000004  0007FC  000800         8       0  CODE        2
                cstackBANK0                    000020  000046  000066        20       1  BANK0       1
                cstackCOMMON                   000070  00000E  00007E        70       1  COMMON      1
                bssBANK1                       0000A0  000050  0000F0        A0       1  BANK1       1
                nvBANK2                        000120  00000A  00012A       120       1  BANK2       1
                swtext2                        000800  000006  000806      1000       0  CONST       2
                text81                         000910  000001  000911      1220       0  CODE        2
                text62                         000911  000001  000912      1222       0  CODE        2
                text61                         000912  000001  000913      1224       0  CODE        2
                text32                         000913  000001  000914      1226       0  CODE        2
                idataBANK0                     000914  000001  000915      1228       0  CODE        2
                text41                         000915  000003  000918      122A       0  CODE        2
                text40                         000918  000003  00091B      1230       0  CODE        2
                text25                         00091B  000003  00091E      1236       0  CODE        2
                text26                         00091E  000004  000922      123C       0  CODE        2
                text24                         000922  000004  000926      1244       0  CODE        2
                text4                          000926  000005  00092B      124C       0  CODE        2
                text43                         00092B  000006  000931      1256       0  CODE        2
                clrtext                        000931  000006  000937      1262       0  CODE        2
                inittext                       000937  000006  00093D      126E       0  CODE        2
                text70                         00093D  000007  000944      127A       0  CODE        2
                text74                         000944  000008  00094C      1288       0  CODE        2
                text50                         00094C  000008  000954      1298       0  CODE        2
                text36                         000954  000008  00095C      12A8       0  CODE        2
                text35                         00095C  000008  000964      12B8       0  CODE        2
                text30                         000964  000008  00096C      12C8       0  CODE        2
                text22                         00096C  000008  000974      12D8       0  CODE        2
                text14                         000974  000008  00097C      12E8       0  CODE        2
                text46                         00097C  000009  000985      12F8       0  CODE        2
                text42                         000985  000009  00098E      130A       0  CODE        2
                text20                         00098E  000009  000997      131C       0  CODE        2
                text19                         000997  000009  0009A0      132E       0  CODE        2
                text18                         0009A0  000009  0009A9      1340       0  CODE        2
                text16                         0009A9  000009  0009B2      1352       0  CODE        2
                text75                         0009B2  00000C  0009BE      1364       0  CODE        2
                text45                         0009BE  00000C  0009CA      137C       0  CODE        2
                text5                          0009CA  00000C  0009D6      1394       0  CODE        2
                text82                         0009D6  00000E  0009E4      13AC       0  CODE        2
                text37                         0009E4  00000E  0009F2      13C8       0  CODE        2
                text71                         0009F2  00000F  000A01      13E4       0  CODE        2
                text65                         000A01  00000F  000A10      1402       0  CODE        2
                text53                         000A10  00000F  000A1F      1420       0  CODE        2
                text48                         000A1F  00000F  000A2E      143E       0  CODE        2
                text34                         000A2E  00000F  000A3D      145C       0  CODE        2
                text83                         000A3D  000011  000A4E      147A       0  CODE        2
                text68                         000A4E  000012  000A60      149C       0  CODE        2
                text51                         000A60  000012  000A72      14C0       0  CODE        2
                text49                         000A72  000013  000A85      14E4       0  CODE        2
                text13                         000A85  000013  000A98      150A       0  CODE        2
                text9                          000A98  000013  000AAB      1530       0  CODE        2
                text79                         000AAB  000015  000AC0      1556       0  CODE        2
                text55                         000AC0  000015  000AD5      1580       0  CODE        2
                text47                         000AD5  000015  000AEA      15AA       0  CODE        2
                text44                         000AEA  000015  000AFF      15D4       0  CODE        2
                text11                         000AFF  000015  000B14      15FE       0  CODE        2
                text10                         000B14  000016  000B2A      1628       0  CODE        2
                text31                         000B2A  000018  000B42      1654       0  CODE        2
                text67                         000B42  000019  000B5B      1684       0  CODE        2
                text28                         000B5B  000019  000B74      16B6       0  CODE        2
                text78                         000B74  00001C  000B90      16E8       0  CODE        2
                text3                          000B90  00001C  000BAC      1720       0  CODE        2
                text52                         000BAC  000020  000BCC      1758       0  CODE        2
                text8                          000BCC  000022  000BEE      1798       0  CODE        2
                idataBANK1                     000BEE  000022  000C10      17DC       0  CODE        2
                text27                         000C10  000024  000C34      1820       0  CODE        2
                text17                         000C34  000025  000C59      1868       0  CODE        2
                text85                         000C59  000026  000C7F      18B2       0  CODE        2
                text84                         000C7F  000026  000CA5      18FE       0  CODE        2
                text23                         000CA5  00002A  000CCF      194A       0  CODE        2
                text64                         000CCF  00002C  000CFB      199E       0  CODE        2
                text60                         000CFB  00002D  000D28      19F6       0  CODE        2
                text15                         000D28  00002F  000D57      1A50       0  CODE        2
                text7                          000D57  000037  000D8E      1AAE       0  CODE        2
                text76                         000D8E  000046  000DD4      1B1C       0  CODE        2
                text6                          000DD4  000046  000E1A      1BA8       0  CODE        2
                text66                         000E1A  000049  000E63      1C34       0  CODE        2
                text29                         000E63  00004A  000EAD      1CC6       0  CODE        2
                text54                         000EAD  00004B  000EF8      1D5A       0  CODE        2
                text33                         000EF8  00004D  000F45      1DF0       0  CODE        2
                text77                         000F45  000051  000F96      1E8A       0  CODE        2
                text38                         000F96  00006A  001000      1F2C       0  CODE        2
                stringtext2                    001000  000016  001016      2000       0  STRCODE     2
                config                         008007  000004  00800B     1000E       0  CONFIG      2


UNUSED ADDRESS RANGES

        Name                Unused          Largest block    Delta
        BANK0            00066-0006F               A           1
        BANK10           00520-0056F              50           1
        BANK11           005A0-005EF              50           1
        BANK12           00620-0064F              30           1
        BANK2            0012A-0016F              46           1
        BANK3            001A0-001EF              50           1
        BANK4            00220-0026F              50           1
        BANK5            002A0-002EF              50           1
        BANK6            00320-0036F              50           1
        BANK7            003A0-003EF              50           1
        BANK8            00420-0046F              50           1
        BANK9            004A0-004EF              50           1
        BIGRAM           02000-023EF             3F0           1
        CODE             00806-0090F             10A           2
                         01016-01FFF             7EA
        CONST            00806-0090F              FA           2
                         01016-01FFF             100
        EEDATA           0F000-0F0FF             100           2
        ENTRY            00806-0090F              FA           2
                         01016-01FFF             100
        IDLOC            08000-08003               4           2
        RAM              00066-0006F               A           1
                         0012A-0016F              46
                         001A0-001EF              50
                         00220-0026F              50
                         002A0-002EF              50
                         00320-0036F              50
                         003A0-003EF              50
                         00420-0046F              50
                         004A0-004EF              50
                         00520-0056F              50
                         005A0-005EF              50
                         00620-0064F              30
        SFR0             00000-0001F              20           1
        SFR1             00080-0009F              20           1
        SFR10            00500-0051F              20           1
        SFR11            00580-0059F              20           1
        SFR12            00600-0061F              20           1
        SFR13            00680-006EF              70           1
        SFR14            00700-0076F              70           1
        SFR15            00780-007EF              70           1
        SFR16            00800-0086F              70           1
        SFR17            00880-008EF              70           1
        SFR18            00900-0096F              70           1
        SFR19            00980-009EF              70           1
        SFR2             00100-0011F              20           1
        SFR20            00A00-00A6F              70           1
        SFR21            00A80-00AEF              70           1
        SFR22            00B00-00B6F              70           1
        SFR23            00B80-00BEF              70           1
        SFR24            00C00-00C6F              70           1
        SFR25            00C80-00CEF              70           1
        SFR26            00D00-00D6F              70           1
        SFR27            00D80-00DEF              70           1
        SFR28            00E00-00E6F              70           1
        SFR29            00E80-00EEF              70           1
        SFR3             00180-0019F              20           1
        SFR30            00F00-00F6F              70           1
        SFR31            00F80-00FEF              70           1
        SFR4             00200-0021F              20           1
        SFR5             00280-0029F              20           1
        SFR6             00300-0031F              20           1
        SFR7             00380-0039F              20           1
        SFR8             00400-0041F              20           1
        SFR9             00480-0049F              20           1
        STACK            020AA-023EF             346           1
        STRCODE          00806-0090F             10A           2
                         01016-01FFF             FEA
        STRING           00806-0090F              FA           2
                         01016-01FFF             100

                                  Symbol Table

?_MTOUCH_Sensor_RawSample_Get                         cstackBANK0  0002E
?___awdiv                                             cstackCOMMON 00070
?___awmod                                             cstackCOMMON 00079
?_abs                                                 cstackBANK0  0002A
?i1_abs                                               cstackCOMMON 00070
Button_Baseline_Initialize@button                     cstackBANK0  00036
Button_Baseline_Update@button                         cstackBANK0  00030
Button_DefaultCallback@button                         cstackBANK0  0002A
Button_Deviation_Update@button                        cstackBANK0  00034
Button_Deviation_Update@deviation                     cstackBANK0  00035
Button_Reading_Update@button                          cstackBANK0  00035
Button_Reading_Update_Helper@button                   cstackBANK0  00034
Button_Service@button                                 cstackBANK0  0003E
Button_Service@name                                   cstackBANK0  0003D
Button_State_Initializing@button                      cstackBANK0  00037
Button_State_NotPressed@button                        cstackBANK0  00037
Button_State_Pressed@button                           cstackBANK0  00037
Button_Tick_helper@button                             cstackBANK0  0002C
DATAEE_ReadByte@bAdd                                  cstackBANK0  0002A
DATAEE_WriteByte@GIEBitValue                          cstackCOMMON 00073
DATAEE_WriteByte@bAdd                                 cstackCOMMON 00070
DATAEE_WriteByte@bData                                cstackCOMMON 00072
EUSART_SetErrorHandler@interruptHandler               cstackBANK0  0002A
EUSART_SetFramingErrorHandler@interruptHandler        cstackBANK0  0002A
EUSART_SetOverrunErrorHandler@interruptHandler        cstackBANK0  0002A
EUSART_Write@txData                                   cstackBANK0  0002A
MTOUCH_Button_Initialize@button                       cstackBANK0  0002C
MTOUCH_Button_Initialize@name                         cstackBANK0  0002B
MTOUCH_Button_InitializeAll@button                    cstackBANK0  0002E
MTOUCH_Button_ServiceAll@button                       cstackBANK0  00040
MTOUCH_Button_isPressed@name                          cstackBANK0  0002A
MTOUCH_Sensor_Enable@sensor                           cstackBANK0  0002F
MTOUCH_Sensor_Initialize@sensor                       cstackBANK0  00031
MTOUCH_Sensor_InitializeAll@sensor                    cstackBANK0  00033
MTOUCH_Sensor_RawSample_Get@name                      cstackBANK0  00031
MTOUCH_Sensor_SampleAll@sensor                        cstackBANK1  000EF
MTOUCH_Sensor_Sampled_ResetAll@sensor                 cstackBANK0  0002C
MTOUCH_Sensor_wasSampled@sensor                       cstackBANK0  0002F
MTOUCH_needReburst@needReburst                        cstackBANK0  0002A
OnHold@heldTime                                       cstackBANK0  00034
OnHold@touch                                          cstackBANK0  00033
Sensor_Acq_ExecutePacket@ADACT_temp                   cstackBANK0  0002F
Sensor_Acq_ExecutePacket@ADCON0_temp                  cstackBANK0  0002D
Sensor_Acq_ExecutePacket@ADCON1_temp                  cstackBANK0  0002E
Sensor_Acq_ExecutePacket@error                        cstackBANK0  00030
Sensor_Acq_ExecutePacket@sensor                       cstackBANK0  00031
Sensor_Acq_ExecuteScan@last_a                         bssBANK1     000B2
Sensor_Acq_ExecuteScan@last_b                         bssBANK1     000B0
Sensor_Acq_ExecuteScan@result                         cstackCOMMON 00076
Sensor_Acquisition@retry                              cstackBANK0  0003E
Sensor_Acquisition@sensor                             cstackBANK0  0003F
Sensor_DefaultCallback@sensor                         cstackBANK0  0002A
Sensor_RawSample_Update@sensor                        cstackBANK0  0002A
Sensor_Sampled_Reset@sensor                           cstackBANK0  0002A
Sensor_Scanfrequency_Evaluation@best_packet_sample    cstackBANK0  00037
Sensor_Scanfrequency_Evaluation@best_sample_period    cstackBANK0  00039
Sensor_Scanfrequency_Evaluation@frequency_hop         stringtext1  01011
Sensor_Scanfrequency_Evaluation@i                     cstackBANK0  0003B
Sensor_Scanfrequency_Evaluation@packet_noise_Max      cstackBANK0  00035
Sensor_Scanfrequency_Evaluation@retry                 cstackBANK0  0003A
Sensor_Scanfrequency_Evaluation@sensor                cstackBANK0  00034
Sensor_Service@error                                  cstackBANK0  00043
Sensor_Service@name                                   cstackBANK0  00042
Sensor_Service@sensor                                 cstackBANK0  00044
Sensor_isEnabled@sensor                               cstackBANK0  0002A
Sensor_setActive@sensor                               cstackBANK0  0002A
Sensor_setInactive@sensor                             cstackBANK0  0002A
Sensor_setSampled@sensor                              cstackBANK0  0002A
Sensor_setScanFunction@sensor                         cstackBANK0  0002A
TMR6_LoadPeriodRegister@periodVal                     cstackBANK0  0002A
TMR6_SetInterruptHandler@InterruptHandler             cstackBANK0  0002A
_ADACT                                                (abs)        0009F
_ADCON0                                               (abs)        0009D
_ADCON0bits                                           (abs)        0009D
_ADCON1                                               (abs)        0009E
_ADRES                                                (abs)        0009B
_ANSELA                                               (abs)        0018C
_ANSELB                                               (abs)        0018D
_ANSELC                                               (abs)        0018E
_BAUD1CON                                             (abs)        0019F
_Button_Baseline_Initialize                           text64       00CCF
_Button_Baseline_Update                               text63       005BE
_Button_DefaultCallback                               text62       00911
_Button_Deviation_Update                              text69       00530
_Button_Reading_Update                                text65       00A01
_Button_Reading_Update_Helper                         text66       00E1A
_Button_Service                                       text54       00EAD
_Button_StateMachine                                  dataBANK1    000CB
_Button_State_Initializing                            text58       007A0
_Button_State_NotPressed                              text57       0049A
_Button_State_Pressed                                 text59       00734
_Button_Tick_helper                                   text27       00C10
_DATAEE_ReadByte                                      text71       009F2
_DATAEE_WriteByte                                     text78       00B74
_EUSART_DefaultErrorHandler                           (abs)        00000
_EUSART_DefaultFramingErrorHandler                    (abs)        00000
_EUSART_DefaultOverrunErrorHandler                    (abs)        00000
_EUSART_ErrorHandler                                  nvBANK2      00120
_EUSART_FramingErrorHandler                           nvBANK2      00124
_EUSART_Initialize                                    text17       00C34
_EUSART_OverrunErrorHandler                           nvBANK2      00122
_EUSART_Read                                          text5        009CA
_EUSART_SetErrorHandler                               text20       0098E
_EUSART_SetFramingErrorHandler                        text19       00997
_EUSART_SetOverrunErrorHandler                        text18       009A0
_EUSART_Write                                         text22       0096C
_EUSART_is_rx_ready                                   text4        00926
_GIE                                                  (abs)        0005F
_INLVLA                                               (abs)        0038C
_INLVLB                                               (abs)        0038D
_INLVLC                                               (abs)        0038E
_INTCONbits                                           (abs)        0000B
_INTERRUPT_InterruptManager                           intentry     00004
_InitExternal_INT                                     text70       0093D
_LATA                                                 (abs)        0010C
_LATB                                                 (abs)        0010D
_LATC                                                 (abs)        0010E
_LATCbits                                             (abs)        0010E
_MTOUCH_Button_Initialize                             text60       00CFB
_MTOUCH_Button_InitializeAll                          text52       00BAC
_MTOUCH_Button_ServiceAll                             text53       00A10
_MTOUCH_Button_Tick                                   text26       0091E
_MTOUCH_Button_isPressed                              text10       00B14
_MTOUCH_CVD_ScanA_0                                   text85       00C59
_MTOUCH_CVD_ScanB_0                                   text84       00C7F
_MTOUCH_Initialize                                    text45       009BE
_MTOUCH_Sensor_Calibrate                              text61       00912
_MTOUCH_Sensor_Enable                                 text51       00A60
_MTOUCH_Sensor_Initialize                             text49       00A72
_MTOUCH_Sensor_InitializeAll                          text48       00A1F
_MTOUCH_Sensor_RawSample_Get                          text67       00B42
_MTOUCH_Sensor_SampleAll                              text28       00B5B
_MTOUCH_Sensor_Sampled_ResetAll                       text47       00AD5
_MTOUCH_Sensor_Scan_Initialize                        text46       0097C
_MTOUCH_Sensor_isCalibrated                           text56       00002
_MTOUCH_Sensor_wasSampled                             text55       00AC0
_MTOUCH_Service_Mainloop                              text23       00CA5
_MTOUCH_Tick                                          text25       0091B
_MTOUCH_needReburst                                   text24       00922
_NVMADRH                                              (abs)        00892
_NVMADRL                                              (abs)        00891
_NVMCON1bits                                          (abs)        00895
_NVMCON2                                              (abs)        00896
_NVMDATH                                              (abs)        00894
_NVMDATL                                              (abs)        00893
_ODCONA                                               (abs)        0028C
_ODCONB                                               (abs)        0028D
_ODCONC                                               (abs)        0028E
_OSCCON1                                              (abs)        00919
_OSCCON3                                              (abs)        0091B
_OSCEN                                                (abs)        0091D
_OSCFRQ                                               (abs)        0091F
_OSCILLATOR_Initialize                                text16       009A9
_OSCTUNE                                              (abs)        0091E
_OnHold                                               text21       00366
_PIE0bits                                             (abs)        00090
_PIE2bits                                             (abs)        00092
_PIN_MANAGER_Initialize                               text15       00D28
_PIR0bits                                             (abs)        00010
_PIR1bits                                             (abs)        00011
_PIR2bits                                             (abs)        00012
_PMD0                                                 (abs)        00911
_PMD1                                                 (abs)        00912
_PMD2                                                 (abs)        00913
_PMD3                                                 (abs)        00914
_PMD4                                                 (abs)        00915
_PMD5                                                 (abs)        00916
_PMD_Initialize                                       text14       00974
_PORTAbits                                            (abs)        0000C
_PR6                                                  (abs)        0041D
_RC1REG                                               (abs)        00199
_RC1STA                                               (abs)        0019D
_RC1STAbits                                           (abs)        0019D
_RC4PPS                                               (abs)        00EA4
_RXPPS                                                (abs)        00E24
_SLRCONA                                              (abs)        0030C
_SLRCONB                                              (abs)        0030D
_SLRCONC                                              (abs)        0030E
_SP1BRGH                                              (abs)        0019C
_SP1BRGL                                              (abs)        0019B
_SYSTEM_Initialize                                    text11       00AFF
_Sensor_Acq_ExecutePacket                             text39       006C8
_Sensor_Acq_ExecuteScan                               text80       002B7
_Sensor_Acquisition                                   text33       00EF8
_Sensor_DefaultCallback                               text32       00913
_Sensor_RawSample_Update                              text31       00B2A
_Sensor_Sampled_Reset                                 text50       0094C
_Sensor_Scanfrequency_Evaluation                      text38       00F96
_Sensor_Service                                       text29       00E63
_Sensor_isEnabled                                     text37       009E4
_Sensor_scanA                                         dataBANK1    000D3
_Sensor_scanB                                         dataBANK1    000D1
_Sensor_setActive                                     text36       00954
_Sensor_setInactive                                   text35       0095C
_Sensor_setSampled                                    text30       00964
_Sensor_setScanFunction                               text44       00AEA
_T6CON                                                (abs)        0041E
_T6CONbits                                            (abs)        0041E
_TMR6                                                 (abs)        0041C
_TMR6_DefaultInterruptHandler                         text81       00910
_TMR6_ISR                                             text79       00AAB
_TMR6_Initialize                                      text13       00A85
_TMR6_InterruptHandler                                nvBANK1      000ED
_TMR6_LoadPeriodRegister                              text43       0092B
_TMR6_SetInterruptHandler                             text42       00985
_TMR6_StartTimer                                      text41       00915
_TMR6_StopTimer                                       text40       00918
_TRISA                                                (abs)        0008C
_TRISB                                                (abs)        0008D
_TRISC                                                (abs)        0008E
_TX1REG                                               (abs)        0019A
_TX1STA                                               (abs)        0019E
_TX1STAbits                                           (abs)        0019E
_WDTCON                                               (abs)        00097
_WDT_Initialize                                       text12       007FC
_WPUA                                                 (abs)        0020C
_WPUB                                                 (abs)        0020D
_WPUC                                                 (abs)        0020E
__CFG_BOREN$ON                                        (abs)        00000
__CFG_BORV$LOW                                        (abs)        00000
__CFG_CLKOUTEN$OFF                                    (abs)        00000
__CFG_CP$OFF                                          (abs)        00000
__CFG_CPD$OFF                                         (abs)        00000
__CFG_CSWEN$ON                                        (abs)        00000
__CFG_DEBUG$OFF                                       (abs)        00000
__CFG_FCMEN$ON                                        (abs)        00000
__CFG_FEXTOSC$OFF                                     (abs)        00000
__CFG_LPBOREN$OFF                                     (abs)        00000
__CFG_LVP$ON                                          (abs)        00000
__CFG_MCLRE$ON                                        (abs)        00000
__CFG_PPS1WAY$ON                                      (abs)        00000
__CFG_PWRTE$OFF                                       (abs)        00000
__CFG_RSTOSC$HFINT1                                   (abs)        00000
__CFG_STVREN$ON                                       (abs)        00000
__CFG_WDTE$OFF                                        (abs)        00000
__CFG_WRT$OFF                                         (abs)        00000
__Habs1                                               abs1         00000
__Hbank0                                              bank0        00000
__Hbank1                                              bank1        00000
__Hbank10                                             bank10       00000
__Hbank11                                             bank11       00000
__Hbank12                                             bank12       00000
__Hbank13                                             bank13       00000
__Hbank14                                             bank14       00000
__Hbank15                                             bank15       00000
__Hbank16                                             bank16       00000
__Hbank17                                             bank17       00000
__Hbank18                                             bank18       00000
__Hbank19                                             bank19       00000
__Hbank2                                              bank2        00000
__Hbank20                                             bank20       00000
__Hbank21                                             bank21       00000
__Hbank22                                             bank22       00000
__Hbank23                                             bank23       00000
__Hbank24                                             bank24       00000
__Hbank25                                             bank25       00000
__Hbank26                                             bank26       00000
__Hbank27                                             bank27       00000
__Hbank28                                             bank28       00000
__Hbank29                                             bank29       00000
__Hbank3                                              bank3        00000
__Hbank30                                             bank30       00000
__Hbank31                                             bank31       00000
__Hbank4                                              bank4        00000
__Hbank5                                              bank5        00000
__Hbank6                                              bank6        00000
__Hbank7                                              bank7        00000
__Hbank8                                              bank8        00000
__Hbank9                                              bank9        00000
__Hbigram                                             bigram       00000
__HbssBANK0                                           bssBANK0     00000
__HbssBANK1                                           bssBANK1     00000
__Hcinit                                              cinit        0004D
__Hclrtext                                            clrtext      00000
__Hcode                                               code         00000
__Hcommon                                             common       00000
__Hconfig                                             config       0800B
__HcstackBANK0                                        cstackBANK0  00000
__HcstackBANK1                                        cstackBANK1  00000
__HcstackBANK2                                        cstackBANK2  00000
__HcstackCOMMON                                       cstackCOMMON 00000
__HdataBANK0                                          dataBANK0    00000
__HdataBANK1                                          dataBANK1    00000
__Heeprom_data                                        eeprom_data  00000
__Hend_init                                           end_init     0002A
__Hfunctab                                            functab      00000
__HidataBANK0                                         idataBANK0   00000
__HidataBANK1                                         idataBANK1   00000
__Hidloc                                              idloc        00000
__Hinit                                               init         00028
__Hinittext                                           inittext     00000
__Hintentry                                           intentry     00028
__Hmaintext                                           maintext     00000
__HnvBANK1                                            nvBANK1      00000
__HnvBANK2                                            nvBANK2      00000
__Hpowerup                                            powerup      00000
__Hram                                                ram          00000
__Hreset_vec                                          reset_vec    00002
__Hsfr0                                               sfr0         00000
__Hsfr1                                               sfr1         00000
__Hsfr10                                              sfr10        00000
__Hsfr11                                              sfr11        00000
__Hsfr12                                              sfr12        00000
__Hsfr13                                              sfr13        00000
__Hsfr14                                              sfr14        00000
__Hsfr15                                              sfr15        00000
__Hsfr16                                              sfr16        00000
__Hsfr17                                              sfr17        00000
__Hsfr18                                              sfr18        00000
__Hsfr19                                              sfr19        00000
__Hsfr2                                               sfr2         00000
__Hsfr20                                              sfr20        00000
__Hsfr21                                              sfr21        00000
__Hsfr22                                              sfr22        00000
__Hsfr23                                              sfr23        00000
__Hsfr24                                              sfr24        00000
__Hsfr25                                              sfr25        00000
__Hsfr26                                              sfr26        00000
__Hsfr27                                              sfr27        00000
__Hsfr28                                              sfr28        00000
__Hsfr29                                              sfr29        00000
__Hsfr3                                               sfr3         00000
__Hsfr30                                              sfr30        00000
__Hsfr31                                              sfr31        00000
__Hsfr4                                               sfr4         00000
__Hsfr5                                               sfr5         00000
__Hsfr6                                               sfr6         00000
__Hsfr7                                               sfr7         00000
__Hsfr8                                               sfr8         00000
__Hsfr9                                               sfr9         00000
__Hspace_0                                            (abs)        0800B
__Hspace_1                                            (abs)        0012A
__Hspace_2                                            (abs)        00000
__Hspace_3                                            (abs)        00000
__Hstack                                              stack        00000
__Hstrings                                            strings      00000
__Hstringtext1                                        stringtext1  00000
__Hstringtext2                                        stringtext2  00000
__Htext                                               text         00000
__Labs1                                               abs1         00000
__Lbank0                                              bank0        00000
__Lbank1                                              bank1        00000
__Lbank10                                             bank10       00000
__Lbank11                                             bank11       00000
__Lbank12                                             bank12       00000
__Lbank13                                             bank13       00000
__Lbank14                                             bank14       00000
__Lbank15                                             bank15       00000
__Lbank16                                             bank16       00000
__Lbank17                                             bank17       00000
__Lbank18                                             bank18       00000
__Lbank19                                             bank19       00000
__Lbank2                                              bank2        00000
__Lbank20                                             bank20       00000
__Lbank21                                             bank21       00000
__Lbank22                                             bank22       00000
__Lbank23                                             bank23       00000
__Lbank24                                             bank24       00000
__Lbank25                                             bank25       00000
__Lbank26                                             bank26       00000
__Lbank27                                             bank27       00000
__Lbank28                                             bank28       00000
__Lbank29                                             bank29       00000
__Lbank3                                              bank3        00000
__Lbank30                                             bank30       00000
__Lbank31                                             bank31       00000
__Lbank4                                              bank4        00000
__Lbank5                                              bank5        00000
__Lbank6                                              bank6        00000
__Lbank7                                              bank7        00000
__Lbank8                                              bank8        00000
__Lbank9                                              bank9        00000
__Lbigram                                             bigram       00000
__LbssBANK0                                           bssBANK0     00000
__LbssBANK1                                           bssBANK1     00000
__Lcinit                                              cinit        0002A
__Lclrtext                                            clrtext      00000
__Lcode                                               code         00000
__Lcommon                                             common       00000
__Lconfig                                             config       08007
__LcstackBANK0                                        cstackBANK0  00000
__LcstackBANK1                                        cstackBANK1  00000
__LcstackBANK2                                        cstackBANK2  00000
__LcstackCOMMON                                       cstackCOMMON 00000
__LdataBANK0                                          dataBANK0    00000
__LdataBANK1                                          dataBANK1    00000
__Leeprom_data                                        eeprom_data  00000
__Lend_init                                           end_init     00028
__Lfunctab                                            functab      00000
__LidataBANK0                                         idataBANK0   00000
__LidataBANK1                                         idataBANK1   00000
__Lidloc                                              idloc        00000
__Linit                                               init         00028
__Linittext                                           inittext     00000
__Lintentry                                           intentry     00004
__Lmaintext                                           maintext     00000
__LnvBANK1                                            nvBANK1      00000
__LnvBANK2                                            nvBANK2      00000
__Lpowerup                                            powerup      00000
__Lram                                                ram          00000
__Lreset_vec                                          reset_vec    00000
__Lsfr0                                               sfr0         00000
__Lsfr1                                               sfr1         00000
__Lsfr10                                              sfr10        00000
__Lsfr11                                              sfr11        00000
__Lsfr12                                              sfr12        00000
__Lsfr13                                              sfr13        00000
__Lsfr14                                              sfr14        00000
__Lsfr15                                              sfr15        00000
__Lsfr16                                              sfr16        00000
__Lsfr17                                              sfr17        00000
__Lsfr18                                              sfr18        00000
__Lsfr19                                              sfr19        00000
__Lsfr2                                               sfr2         00000
__Lsfr20                                              sfr20        00000
__Lsfr21                                              sfr21        00000
__Lsfr22                                              sfr22        00000
__Lsfr23                                              sfr23        00000
__Lsfr24                                              sfr24        00000
__Lsfr25                                              sfr25        00000
__Lsfr26                                              sfr26        00000
__Lsfr27                                              sfr27        00000
__Lsfr28                                              sfr28        00000
__Lsfr29                                              sfr29        00000
__Lsfr3                                               sfr3         00000
__Lsfr30                                              sfr30        00000
__Lsfr31                                              sfr31        00000
__Lsfr4                                               sfr4         00000
__Lsfr5                                               sfr5         00000
__Lsfr6                                               sfr6         00000
__Lsfr7                                               sfr7         00000
__Lsfr8                                               sfr8         00000
__Lsfr9                                               sfr9         00000
__Lspace_0                                            (abs)        00000
__Lspace_1                                            (abs)        00000
__Lspace_2                                            (abs)        00000
__Lspace_3                                            (abs)        00000
__Lstack                                              stack        00000
__Lstrings                                            strings      00000
__Lstringtext1                                        stringtext1  00000
__Lstringtext2                                        stringtext2  00000
__Ltext                                               text         00000
__S0                                                  (abs)        0800B
__S1                                                  (abs)        0012A
__S2                                                  (abs)        00000
__S3                                                  (abs)        00000
___awdiv                                              text77       00F45
___awdiv@counter                                      cstackCOMMON 00075
___awdiv@dividend                                     cstackCOMMON 00072
___awdiv@divisor                                      cstackCOMMON 00070
___awdiv@quotient                                     cstackCOMMON 00077
___awdiv@sign                                         cstackCOMMON 00076
___awmod                                              text76       00D8E
___awmod@counter                                      cstackBANK0  00020
___awmod@dividend                                     cstackCOMMON 0007B
___awmod@divisor                                      cstackCOMMON 00079
___awmod@sign                                         cstackBANK0  00021
___bmul                                               text68       00A4E
___bmul@multiplicand                                  cstackBANK0  0002A
___bmul@multiplier                                    cstackBANK0  0002D
___bmul@product                                       cstackBANK0  0002C
___int_sp                                             stack        00000
___latbits                                            (abs)        00002
___sp                                                 stack        00000
__end_ofSensor_Scanfrequency_Evaluation@frequency_hop stringtext1  01016
__end_of_Button_Baseline_Initialize                   text64       00CFB
__end_of_Button_Baseline_Update                       text63       00646
__end_of_Button_DefaultCallback                       text62       00912
__end_of_Button_Deviation_Update                      text69       005BE
__end_of_Button_Reading_Update                        text65       00A10
__end_of_Button_Reading_Update_Helper                 text66       00E63
__end_of_Button_Service                               text54       00EF8
__end_of_Button_State_Initializing                    text58       007FC
__end_of_Button_State_NotPressed                      text57       00530
__end_of_Button_State_Pressed                         text59       007A0
__end_of_Button_Tick_helper                           text27       00C34
__end_of_DATAEE_ReadByte                              text71       00A01
__end_of_DATAEE_WriteByte                             text78       00B90
__end_of_EUSART_Initialize                            text17       00C59
__end_of_EUSART_Read                                  text5        009D6
__end_of_EUSART_SetErrorHandler                       text20       00997
__end_of_EUSART_SetFramingErrorHandler                text19       009A0
__end_of_EUSART_SetOverrunErrorHandler                text18       009A9
__end_of_EUSART_Write                                 text22       00974
__end_of_EUSART_is_rx_ready                           text4        0092B
__end_of_INTERRUPT_InterruptManager                   intentry     00028
__end_of_InitExternal_INT                             text70       00944
__end_of_MTOUCH_Button_Initialize                     text60       00D28
__end_of_MTOUCH_Button_InitializeAll                  text52       00BCC
__end_of_MTOUCH_Button_ServiceAll                     text53       00A1F
__end_of_MTOUCH_Button_Tick                           text26       00922
__end_of_MTOUCH_Button_isPressed                      text10       00B2A
__end_of_MTOUCH_CVD_ScanA_0                           text85       00C7F
__end_of_MTOUCH_CVD_ScanB_0                           text84       00CA5
__end_of_MTOUCH_Initialize                            text45       009CA
__end_of_MTOUCH_Sensor_Calibrate                      text61       00913
__end_of_MTOUCH_Sensor_Enable                         text51       00A72
__end_of_MTOUCH_Sensor_Initialize                     text49       00A85
__end_of_MTOUCH_Sensor_InitializeAll                  text48       00A2E
__end_of_MTOUCH_Sensor_RawSample_Get                  text67       00B5B
__end_of_MTOUCH_Sensor_SampleAll                      text28       00B74
__end_of_MTOUCH_Sensor_Sampled_ResetAll               text47       00AEA
__end_of_MTOUCH_Sensor_Scan_Initialize                text46       00985
__end_of_MTOUCH_Sensor_isCalibrated                   text56       00004
__end_of_MTOUCH_Sensor_wasSampled                     text55       00AD5
__end_of_MTOUCH_Service_Mainloop                      text23       00CCF
__end_of_MTOUCH_Tick                                  text25       0091E
__end_of_MTOUCH_needReburst                           text24       00926
__end_of_OSCILLATOR_Initialize                        text16       009B2
__end_of_OnHold                                       text21       00404
__end_of_PIN_MANAGER_Initialize                       text15       00D57
__end_of_PMD_Initialize                               text14       0097C
__end_of_SYSTEM_Initialize                            text11       00B14
__end_of_Sensor_Acq_ExecutePacket                     text39       00734
__end_of_Sensor_Acq_ExecuteScan                       text80       00366
__end_of_Sensor_Acquisition                           text33       00F45
__end_of_Sensor_DefaultCallback                       text32       00914
__end_of_Sensor_RawSample_Update                      text31       00B42
__end_of_Sensor_Sampled_Reset                         text50       00954
__end_of_Sensor_Scanfrequency_Evaluation              text38       01000
__end_of_Sensor_Service                               text29       00EAD
__end_of_Sensor_isEnabled                             text37       009F2
__end_of_Sensor_setActive                             text36       0095C
__end_of_Sensor_setInactive                           text35       00964
__end_of_Sensor_setSampled                            text30       0096C
__end_of_Sensor_setScanFunction                       text44       00AFF
__end_of_TMR6_DefaultInterruptHandler                 text81       00911
__end_of_TMR6_ISR                                     text79       00AC0
__end_of_TMR6_Initialize                              text13       00A98
__end_of_TMR6_LoadPeriodRegister                      text43       00931
__end_of_TMR6_SetInterruptHandler                     text42       0098E
__end_of_TMR6_StartTimer                              text41       00918
__end_of_TMR6_StopTimer                               text40       0091B
__end_of_WDT_Initialize                               text12       00800
__end_of___awdiv                                      text77       00F96
__end_of___awmod                                      text76       00DD4
__end_of___bmul                                       text68       00A60
__end_of__initialization                              cinit        00049
__end_of_abs                                          text34       00A3D
__end_of_decodeIRSignal                               text73       001DA
__end_of_handleGeneralTouchControls                   text6        00E1A
__end_of_handleUARTCommands                           text2        006C8
__end_of_ir_handler                                   text1        002B7
__end_of_main                                         maintext     0049A
__end_of_mtouch_button_init                           stringtext2  01011
__end_of_processToggle                                text7        00D8E
__end_of_setLightState                                text9        00AAB
__end_of_uartLight                                    text3        00BAC
__end_of_updateLight                                  text8        00BEE
__end_ofi1_DATAEE_ReadByte                            text75       009BE
__end_ofi1_EUSART_Write                               text74       0094C
__end_ofi1___bmul                                     text83       00A4E
__end_ofi1_abs                                        text82       009E4
__initialization                                      cinit        0002A
__pbssBANK0                                           bssBANK0     00046
__pbssBANK1                                           bssBANK1     000A0
__pcstackBANK0                                        cstackBANK0  00020
__pcstackBANK1                                        cstackBANK1  000EF
__pcstackBANK2                                        cstackBANK2  00126
__pcstackCOMMON                                       cstackCOMMON 00070
__pdataBANK0                                          dataBANK0    00065
__pdataBANK1                                          dataBANK1    000CB
__pidataBANK0                                         idataBANK0   00914
__pidataBANK1                                         idataBANK1   00BEE
__pintentry                                           intentry     00004
__pmaintext                                           maintext     00404
__pnvBANK1                                            nvBANK1      000ED
__pnvBANK2                                            nvBANK2      00120
__pstringtext1                                        stringtext1  01011
__pstringtext2                                        stringtext2  01000
__pswtext1                                            swtext1      00804
__pswtext2                                            swtext2      00800
__ptext1                                              text1        001DA
__ptext10                                             text10       00B14
__ptext11                                             text11       00AFF
__ptext12                                             text12       007FC
__ptext13                                             text13       00A85
__ptext14                                             text14       00974
__ptext15                                             text15       00D28
__ptext16                                             text16       009A9
__ptext17                                             text17       00C34
__ptext18                                             text18       009A0
__ptext19                                             text19       00997
[...]
  divisor         2    9[COMMON] int 
  dividend        2   11[COMMON] int 
 Auto vars:     Size  Location     Type
  sign            1    1[BANK0 ] unsigned char 
  counter         1    0[BANK0 ] unsigned char 
 Return value:  Size  Location     Type
                  2    9[COMMON] int 
 Registers used:
		wreg, status,2, status,0
 Tracked objects:
		On entry : 
		On exit  : 
		Unchanged: 
 Data sizes:     COMMON   BANK0   BANK1   BANK2   BANK3   BANK4   BANK5   BANK6   BANK7   BANK8   BANK9  BANK10  BANK11  BANK12
      Params:         4       0       0       0       0       0       0       0       0       0       0       0       0       0
      Locals:         0       2       0       0       0       0       0       0       0       0       0       0       0       0
      Temps:          1       0       0       0       0       0       0       0       0       0       0       0       0       0
      Totals:         5       2       0       0       0       0       0       0       0       0       0       0       0       0
Total ram usage:        7 bytes
 Hardware stack levels used:    1
 This function calls:
		Nothing
 This function is called by:
		_decodeIRSignal
 This function uses a non-reentrant model


 *************** function ___awdiv *****************
 Defined at:
		line 6 in file "C:\Program Files (x86)\Microchip\xc8\v1.43\sources\common\awdiv.c"
 Parameters:    Size  Location     Type
  divisor         2    0[COMMON] int 
  dividend        2    2[COMMON] int 
 Auto vars:     Size  Location     Type
  quotient        2    7[COMMON] int 
  sign            1    6[COMMON] unsigned char 
  counter         1    5[COMMON] unsigned char 
 Return value:  Size  Location     Type
                  2    0[COMMON] int 
 Registers used:
		wreg, status,2, status,0
 Tracked objects:
		On entry : 
		On exit  : 
		Unchanged: 
 Data sizes:     COMMON   BANK0   BANK1   BANK2   BANK3   BANK4   BANK5   BANK6   BANK7   BANK8   BANK9  BANK10  BANK11  BANK12
      Params:         4       0       0       0       0       0       0       0       0       0       0       0       0       0
      Locals:         4       0       0       0       0       0       0       0       0       0       0       0       0       0
      Temps:          1       0       0       0       0       0       0       0       0       0       0       0       0       0
      Totals:         9       0       0       0       0       0       0       0       0       0       0       0       0       0
Total ram usage:        9 bytes
 Hardware stack levels used:    1
 This function calls:
		Nothing
 This function is called by:
		_decodeIRSignal
 This function uses a non-reentrant model


 *************** function _DATAEE_WriteByte *****************
 Defined at:
		line 180 in file "mcc_generated_files/memory.c"
 Parameters:    Size  Location     Type
  bAdd            2    0[COMMON] unsigned int 
  bData           1    2[COMMON] unsigned char 
 Auto vars:     Size  Location     Type
  GIEBitValue     1    3[COMMON] unsigned char 
 Return value:  Size  Location     Type
                  1    wreg      void 
 Registers used:
		wreg, status,2, status,0
 Tracked objects:
		On entry : 
		On exit  : 
		Unchanged: 
 Data sizes:     COMMON   BANK0   BANK1   BANK2   BANK3   BANK4   BANK5   BANK6   BANK7   BANK8   BANK9  BANK10  BANK11  BANK12
      Params:         3       0       0       0       0       0       0       0       0       0       0       0       0       0
      Locals:         1       0       0       0       0       0       0       0       0       0       0       0       0       0
      Temps:          0       0       0       0       0       0       0       0       0       0       0       0       0       0
      Totals:         4       0       0       0       0       0       0       0       0       0       0       0       0       0
Total ram usage:        4 bytes
 Hardware stack levels used:    1
 This function calls:
		Nothing
 This function is called by:
		_decodeIRSignal
 This function uses a non-reentrant model


 *************** function _TMR6_ISR *****************
 Defined at:
		line 56 in file "mcc_generated_files/tmr6.c"
 Parameters:    Size  Location     Type
		None
 Auto vars:     Size  Location     Type
		None
 Return value:  Size  Location     Type
                  1    wreg      void 
 Registers used:
		wreg, fsr0l, fsr0h, fsr1l, fsr1h, status,2, status,0, pclath, cstack
 Tracked objects:
		On entry : 
		On exit  : 
		Unchanged: 
 Data sizes:     COMMON   BANK0   BANK1   BANK2   BANK3   BANK4   BANK5   BANK6   BANK7   BANK8   BANK9  BANK10  BANK11  BANK12
      Params:         0       0       0       0       0       0       0       0       0       0       0       0       0       0
      Locals:         0       0       0       0       0       0       0       0       0       0       0       0       0       0
      Temps:          0       0       0       0       0       0       0       0       0       0       0       0       0       0
      Totals:         0       0       0       0       0       0       0       0       0       0       0       0       0       0
Total ram usage:        0 bytes
 Hardware stack levels used:    1
 Hardware stack levels required when called:    2
 This function calls:
		Absolute function
		_Sensor_Acq_ExecuteScan
		_TMR6_DefaultInterruptHandler
 This function is called by:
		_INTERRUPT_InterruptManager
 This function uses a non-reentrant model


 *************** function _Sensor_Acq_ExecuteScan *****************
 Defined at:
		line 392 in file "mcc_generated_files/mtouch/mtouch_sensor.c"
 Parameters:    Size  Location     Type
		None
 Auto vars:     Size  Location     Type
  result          2    6[COMMON] unsigned int 
 Return value:  Size  Location     Type
                  1    wreg      void 
 Registers used:
		wreg, fsr0l, fsr0h, fsr1l, fsr1h, status,2, status,0, pclath, cstack
 Tracked objects:
		On entry : 
		On exit  : 
		Unchanged: 
 Data sizes:     COMMON   BANK0   BANK1   BANK2   BANK3   BANK4   BANK5   BANK6   BANK7   BANK8   BANK9  BANK10  BANK11  BANK12
      Params:         0       0       0       0       0       0       0       0       0       0       0       0       0       0
      Locals:         2       0       0       0       0       0       0       0       0       0       0       0       0       0
      Temps:          2       0       0       0       0       0       0       0       0       0       0       0       0       0
      Totals:         4       0       0       0       0       0       0       0       0       0       0       0       0       0
Total ram usage:        4 bytes
 Hardware stack levels used:    1
 Hardware stack levels required when called:    1
 This function calls:
		_MTOUCH_CVD_ScanA_0
		_MTOUCH_CVD_ScanB_0
		i1___bmul
		i1_abs
 This function is called by:
		_Sensor_Acq_ExecutePacket
		_TMR6_ISR
 This function uses a non-reentrant model


 *************** function _TMR6_DefaultInterruptHandler *****************
 Defined at:
		line 75 in file "mcc_generated_files/tmr6.c"
 Parameters:    Size  Location     Type
		None
 Auto vars:     Size  Location     Type
		None
 Return value:  Size  Location     Type
                  1    wreg      void 
 Registers used:
		None
 Tracked objects:
		On entry : 
		On exit  : 
		Unchanged: 
 Data sizes:     COMMON   BANK0   BANK1   BANK2   BANK3   BANK4   BANK5   BANK6   BANK7   BANK8   BANK9  BANK10  BANK11  BANK12
      Params:         0       0       0       0       0       0       0       0       0       0       0       0       0       0
      Locals:         0       0       0       0       0       0       0       0       0       0       0       0       0       0
      Temps:          0       0       0       0       0       0       0       0       0       0       0       0       0       0
      Totals:         0       0       0       0       0       0       0       0       0       0       0       0       0       0
Total ram usage:        0 bytes
 Hardware stack levels used:    1
 This function calls:
		Nothing
 This function is called by:
		_TMR6_Initialize
		_TMR6_ISR
 This function uses a non-reentrant model


 *************** function i1_abs *****************
 Defined at:
		line 4 in file "C:\Program Files (x86)\Microchip\xc8\v1.43\sources\common\abs.c"
 Parameters:    Size  Location     Type
  a               2    0[COMMON] int 
 Auto vars:     Size  Location     Type
		None
 Return value:  Size  Location     Type
                  2    0[COMMON] int 
 Registers used:
		wreg, status,2, status,0
 Tracked objects:
		On entry : 
		On exit  : 
		Unchanged: 
 Data sizes:     COMMON   BANK0   BANK1   BANK2   BANK3   BANK4   BANK5   BANK6   BANK7   BANK8   BANK9  BANK10  BANK11  BANK12
      Params:         2       0       0       0       0       0       0       0       0       0       0       0       0       0
      Locals:         0       0       0       0       0       0       0       0       0       0       0       0       0       0
      Temps:          2       0       0       0       0       0       0       0       0       0       0       0       0       0
      Totals:         4       0       0       0       0       0       0       0       0       0       0       0       0       0
Total ram usage:        4 bytes
 Hardware stack levels used:    1
 This function calls:
		Nothing
 This function is called by:
		_Sensor_Acq_ExecuteScan
 This function uses a non-reentrant model


 *************** function i1___bmul *****************
 Defined at:
		line 4 in file "C:\Program Files (x86)\Microchip\xc8\v1.43\sources\common\Umul8.c"
 Parameters:    Size  Location     Type
  multiplier      1    wreg     unsigned char 
  multiplicand    1    0[COMMON] unsigned char 
 Auto vars:     Size  Location     Type
  multiplier      1    2[COMMON] unsigned char 
  __bmul          1    3[COMMON] unsigned char 
 Return value:  Size  Location     Type
                  1    wreg      unsigned char 
 Registers used:
		wreg, status,2, status,0
 Tracked objects:
		On entry : 
		On exit  : 
		Unchanged: 
 Data sizes:     COMMON   BANK0   BANK1   BANK2   BANK3   BANK4   BANK5   BANK6   BANK7   BANK8   BANK9  BANK10  BANK11  BANK12
      Params:         1       0       0       0       0       0       0       0       0       0       0       0       0       0
      Locals:         2       0       0       0       0       0       0       0       0       0       0       0       0       0
      Temps:          1       0       0       0       0       0       0       0       0       0       0       0       0       0
      Totals:         4       0       0       0       0       0       0       0       0       0       0       0       0       0
Total ram usage:        4 bytes
 Hardware stack levels used:    1
 This function calls:
		Nothing
 This function is called by:
		_Sensor_Acq_ExecuteScan
 This function uses a non-reentrant model


 *************** function _MTOUCH_CVD_ScanB_0 *****************
 Defined at:
		line 119 in file "mcc_generated_files/mtouch/mtouch_sensor_scan.c"
 Parameters:    Size  Location     Type
		None
 Auto vars:     Size  Location     Type
		None
 Return value:  Size  Location     Type
                  1    wreg      void 
 Registers used:
		wreg
 Tracked objects:
		On entry : 
		On exit  : 
		Unchanged: 
 Data sizes:     COMMON   BANK0   BANK1   BANK2   BANK3   BANK4   BANK5   BANK6   BANK7   BANK8   BANK9  BANK10  BANK11  BANK12
      Params:         0       0       0       0       0       0       0       0       0       0       0       0       0       0
      Locals:         0       0       0       0       0       0       0       0       0       0       0       0       0       0
      Temps:          0       0       0       0       0       0       0       0       0       0       0       0       0       0
      Totals:         0       0       0       0       0       0       0       0       0       0       0       0       0       0
Total ram usage:        0 bytes
 Hardware stack levels used:    1
 This function calls:
		Nothing
 This function is called by:
		_Sensor_Acq_ExecuteScan
 This function uses a non-reentrant model


 *************** function _MTOUCH_CVD_ScanA_0 *****************
 Defined at:
		line 50 in file "mcc_generated_files/mtouch/mtouch_sensor_scan.c"
 Parameters:    Size  Location     Type
		None
 Auto vars:     Size  Location     Type
		None
 Return value:  Size  Location     Type
                  1    wreg      void 
 Registers used:
		wreg
 Tracked objects:
		On entry : 
		On exit  : 
		Unchanged: 
 Data sizes:     COMMON   BANK0   BANK1   BANK2   BANK3   BANK4   BANK5   BANK6   BANK7   BANK8   BANK9  BANK10  BANK11  BANK12
      Params:         0       0       0       0       0       0       0       0       0       0       0       0       0       0
      Locals:         0       0       0       0       0       0       0       0       0       0       0       0       0       0
      Temps:          0       0       0       0       0       0       0       0       0       0       0       0       0       0
      Totals:         0       0       0       0       0       0       0       0       0       0       0       0       0       0
Total ram usage:        0 bytes
 Hardware stack levels used:    1
 This function calls:
		Nothing
 This function is called by:
		_Sensor_Acq_ExecuteScan
 This function uses a non-reentrant model



MODULE INFORMATION

Module		Function		Class		Link	Load	Size
mcc_generated_files/mtouch/mtouch_button.c
		_Button_Deviation_Update		CODE           	0530	0000	143
		_MTOUCH_Button_isPressed		CODE           	0B14	0000	23
		_MTOUCH_Button_Initialize		CODE           	0CFB	0000	46
		_Button_Tick_helper		CODE           	0C10	0000	37
		_MTOUCH_Button_InitializeAll		CODE           	0BAC	0000	33
		_Button_Baseline_Update		CODE           	05BE	0000	137
		_Button_State_Pressed		CODE           	0734	0000	109
		_Button_Reading_Update		CODE           	0A01	0000	16
		_Button_DefaultCallback		CODE           	0911	0000	2
		_MTOUCH_Button_Tick		CODE           	091E	0000	5
		_Button_State_NotPressed		CODE           	049A	0000	151
		_Button_Reading_Update_Helper		CODE           	0E1A	0000	74
		_Button_Service		CODE           	0EAD	0000	76
		_Button_State_Initializing		CODE           	07A0	0000	93
		_MTOUCH_Button_ServiceAll		CODE           	0A10	0000	16
		_Button_Baseline_Initialize		CODE           	0CCF	0000	45

mcc_generated_files/mtouch/mtouch_button.c estimated size: 1006

mcc_generated_files/tmr6.c
		_TMR6_StartTimer		CODE           	0915	0000	4
		_TMR6_ISR      		CODE           	0AAB	0000	22
		_TMR6_LoadPeriodRegister		CODE           	092B	0000	7
		_TMR6_Initialize		CODE           	0A85	0000	20
		_TMR6_SetInterruptHandler		CODE           	0985	0000	10
		_TMR6_StopTimer		CODE           	0918	0000	4
		_TMR6_DefaultInterruptHandler		CODE           	0910	0000	2

mcc_generated_files/tmr6.c estimated size: 69

mcc_generated_files/interrupt_manager.c
		_InitExternal_INT		CODE           	093D	0000	8
		_INTERRUPT_InterruptManager		CODE           	0004	0000	37

mcc_generated_files/interrupt_manager.c estimated size: 45

C:\Program Files (x86)\Microchip\xc8\v1.43\sources\common\awdiv.c
		___awdiv       		CODE           	0F45	0000	82

C:\Program Files (x86)\Microchip\xc8\v1.43\sources\common\awdiv.c estimated size: 82

mcc_generated_files/mtouch/mtouch.c
		_MTOUCH_Tick   		CODE           	091B	0000	4
		_MTOUCH_Initialize		CODE           	09BE	0000	13
		_MTOUCH_Service_Mainloop		CODE           	0CA5	0000	43
		_MTOUCH_needReburst		CODE           	0922	0000	5

mcc_generated_files/mtouch/mtouch.c estimated size: 65

mcc_generated_files/pin_manager.c
		_PIN_MANAGER_Initialize		CODE           	0D28	0000	48

mcc_generated_files/pin_manager.c estimated size: 48

mcc_generated_files/mtouch/mtouch_sensor_scan.c
		_MTOUCH_CVD_ScanA_0		CODE           	0C59	0000	39
		_MTOUCH_CVD_ScanB_0		CODE           	0C7F	0000	39

mcc_generated_files/mtouch/mtouch_sensor_scan.c estimated size: 78

C:\Program Files (x86)\Microchip\xc8\v1.43\sources\common\Umul8.c
		___bmul        		CODE           	0A4E	0000	19

C:\Program Files (x86)\Microchip\xc8\v1.43\sources\common\Umul8.c estimated size: 19

touch_handler.c
		_processToggle 		CODE           	0D57	0000	56
		_OnHold        		CODE           	0366	0000	159
		_handleGeneralTouchControls		CODE           	0DD4	0000	71

touch_handler.c estimated size: 286

shared
		i1_abs         		CODE           	09D6	0000	15
		Sensor_Scanfrequency_Evaluation@frequency_hop		STRCODE        	1011	0000	6
		i1_EUSART_Write		CODE           	0944	0000	9
		__initialization		CODE           	002A	0000	32
		_mtouch_button_init		STRCODE        	1000	0000	18
		i1_DATAEE_ReadByte		CODE           	09B2	0000	13
		i1___bmul      		CODE           	0A3D	0000	18

shared estimated size: 111

mcc_generated_files/mcc.c
		_WDT_Initialize		CODE           	07FC	0000	5
		_PMD_Initialize		CODE           	0974	0000	9
		_OSCILLATOR_Initialize		CODE           	09A9	0000	10
		_SYSTEM_Initialize		CODE           	0AFF	0000	22

mcc_generated_files/mcc.c estimated size: 46

C:\Program Files (x86)\Microchip\xc8\v1.43\sources\common\abs.c
		_abs           		CODE           	0A2E	0000	16

C:\Program Files (x86)\Microchip\xc8\v1.43\sources\common\abs.c estimated size: 16

mcc_generated_files/memory.c
		_DATAEE_WriteByte		CODE           	0B74	0000	29
		_DATAEE_ReadByte		CODE           	09F2	0000	16

mcc_generated_files/memory.c estimated size: 45

uart_handler.c
		_handleUARTCommands		CODE           	0646	0000	131

uart_handler.c estimated size: 131

mcc_generated_files/eusart.c
		_EUSART_Read   		CODE           	09CA	0000	13
		_EUSART_Write  		CODE           	096C	0000	9
		_EUSART_Initialize		CODE           	0C34	0000	38
		_EUSART_SetFramingErrorHandler		CODE           	0997	0000	10
		_EUSART_SetErrorHandler		CODE           	098E	0000	10
		_EUSART_SetOverrunErrorHandler		CODE           	09A0	0000	10
		_EUSART_is_rx_ready		CODE           	0926	0000	6

mcc_generated_files/eusart.c estimated size: 96

ir_handler.c
		_ir_handler    		CODE           	01DA	0000	222
		_decodeIRSignal		CODE           	004D	0000	398

ir_handler.c estimated size: 620

main.c
		_main          		CODE           	0404	0000	151

main.c estimated size: 151

load_handler.c
		_setLightState 		CODE           	0A98	0000	20
		_uartLight     		CODE           	0B90	0000	29
		_updateLight   		CODE           	0BCC	0000	35

load_handler.c estimated size: 84

C:\Program Files (x86)\Microchip\xc8\v1.43\sources\common\awmod.c
		___awmod       		CODE           	0D8E	0000	71

C:\Program Files (x86)\Microchip\xc8\v1.43\sources\common\awmod.c estimated size: 71

mcc_generated_files/mtouch/mtouch_sensor.c
		_Sensor_Acq_ExecutePacket		CODE           	06C8	0000	109
		_Sensor_Acquisition		CODE           	0EF8	0000	78
		_MTOUCH_Sensor_Initialize		CODE           	0A72	0000	20
		_Sensor_Sampled_Reset		CODE           	094C	0000	9
		_MTOUCH_Sensor_InitializeAll		CODE           	0A1F	0000	16
		_Sensor_DefaultCallback		CODE           	0913	0000	2
		_Sensor_isEnabled		CODE           	09E4	0000	15
		_MTOUCH_Sensor_isCalibrated		CODE           	0002	0000	3
		_MTOUCH_Sensor_Calibrate		CODE           	0912	0000	2
		_MTOUCH_Sensor_Sampled_ResetAll		CODE           	0AD5	0000	22
		_Sensor_setActive		CODE           	0954	0000	9
		_Sensor_Scanfrequency_Evaluation		CODE           	0F96	0000	107
		_MTOUCH_Sensor_Enable		CODE           	0A60	0000	19
		_Sensor_Acq_ExecuteScan		CODE           	02B7	0000	176
		_Sensor_setSampled		CODE           	0964	0000	9
		_MTOUCH_Sensor_RawSample_Get		CODE           	0B42	0000	26
		_MTOUCH_Sensor_SampleAll		CODE           	0B5B	0000	26
		_MTOUCH_Sensor_wasSampled		CODE           	0AC0	0000	22
		_Sensor_Service		CODE           	0E63	0000	75
		_Sensor_setScanFunction		CODE           	0AEA	0000	22
		_MTOUCH_Sensor_Scan_Initialize		CODE           	097C	0000	10
		_Sensor_RawSample_Update		CODE           	0B2A	0000	25
		_Sensor_setInactive		CODE           	095C	0000	9

mcc_generated_files/mtouch/mtouch_sensor.c estimated size: 811

