Microchip MPLAB XC8 Compiler V1.43 ()

Linker command line:

-W-3 --edf=C:\Program Files (x86)\Microchip\xc8\v1.43\dat\en_msgs.txt -cs \
  -h+dist/default/production\2M_4L.X.production.sym \
  --cmf=dist/default/production\2M_4L.X.production.cmf -z -Q16F18855 \
  -oC:\Users\qualt\AppData\Local\Temp\sib4.2 \
  -Mdist/default/production/2M_4L.X.production.map -E1 -ver=XC8 \
  -ASTACK=021D6h-0239ah -pstack=STACK -ACODE=00h-07FFhx4 \
  -ASTRCODE=00h-01FFFh -ASTRING=00h-0FFhx32 -ACONST=00h-0FFhx32 \
  -AENTRY=00h-0FFhx32 -ACOMMON=070h-07Fh -ABANK0=020h-06Fh \
  -ABANK1=0A0h-0EFh -ABANK2=0120h-016Fh -ABANK3=01A0h-01EFh \
  -ABANK4=0220h-026Fh -ABANK5=02A0h-02EFh -ABANK6=0320h-036Fh \
  -ABANK7=03A0h-03EFh -ABANK8=0420h-046Fh -ABANK9=04A0h-04EFh \
  -ABANK10=0520h-056Fh -ABANK11=05A0h-05EFh -ABANK12=0620h-064Fh \
  -ABIGRAM=02000h-023EFh \
  -ARAM=020h-06Fh,0A0h-0EFh,0120h-016Fh,01A0h-01EFh,0220h-026Fh,02A0h-02EFh,0320h-036Fh,03A0h-03EFh,0420h-046Fh,04A0h-04EFh,0520h-056Fh,05A0h-05EFh,0620h-064Fh \
  -AABS1=020h-07Fh,0A0h-0EFh,0120h-016Fh,01A0h-01EFh,0220h-026Fh,02A0h-02EFh,0320h-036Fh,03A0h-03EFh,0420h-046Fh,04A0h-04EFh,0520h-056Fh,05A0h-05EFh,0620h-064Fh \
  -ASFR0=00h-01Fh -ASFR1=080h-09Fh -ASFR2=0100h-011Fh -ASFR3=0180h-019Fh \
  -ASFR4=0200h-021Fh -ASFR5=0280h-029Fh -ASFR6=0300h-031Fh \
  -ASFR7=0380h-039Fh -ASFR8=0400h-041Fh -ASFR9=0480h-049Fh \
  -ASFR10=0500h-051Fh -ASFR11=0580h-059Fh -ASFR12=0600h-061Fh \
  -ASFR13=0680h-06EFh -ASFR14=0700h-076Fh -ASFR15=0780h-07EFh \
  -ASFR16=0800h-086Fh -ASFR17=0880h-08EFh -ASFR18=0900h-096Fh \
  -ASFR19=0980h-09EFh -ASFR20=0A00h-0A6Fh -ASFR21=0A80h-0AEFh \
  -ASFR22=0B00h-0B6Fh -ASFR23=0B80h-0BEFh -ASFR24=0C00h-0C6Fh \
  -ASFR25=0C80h-0CEFh -ASFR26=0D00h-0D6Fh -ASFR27=0D80h-0DEFh \
  -ASFR28=0E00h-0E6Fh -ASFR29=0E80h-0EEFh -ASFR30=0F00h-0F6Fh \
  -ASFR31=0F80h-0FEFh -preset_vec=00h,intentry=04h,init,end_init \
  -ppowerup=CODE -pcinit=CODE -pfunctab=ENTRY -ACONFIG=08007h-0800Bh \
  -pconfig=CONFIG -DCONFIG=2 -AIDLOC=08000h-08003h -pidloc=IDLOC -DIDLOC=2 \
  -AEEDATA=00h-0FFh/0F000h -peeprom_data=EEDATA -DEEDATA=2 -DCODE=2 \
  -DSTRCODE=2 -DSTRING=2 -DCONST=2 -DENTRY=2 -k \
  C:\Users\qualt\AppData\Local\Temp\sib4.obj \
  dist/default/production\2M_4L.X.production.obj 

Object code version is 3.11

Machine type is 16F18855



                Name                               Link     Load   Length Selector   Space Scale
C:\Users\qualt\AppData\Local\Temp\sib4.obj
                end_init                             22       22        2        8       0
                reset_vec                             0        0        2        0       0
                config                             8007     8007        5    1000E       0
dist/default/production\2M_4L.X.production.obj
                cinit                                24       24       7B        8       0
                intentry                              4        4       1E        8       0
                text101                            12AD     12AD       1A     255A       0
                text100                            1132     1132        E     2264       0
                text99                             107B     107B        9     20F6       0
                text98                             1140     1140        E     2280       0
                text97                              C59      C59       90     18B2       0
                text96                             1FF8     1FF8        8     3FF0       0
                text95                             118B     118B       11     2316       0
                text94                             1223     1223       16     2446       0
                text93                             1239     1239       16     2472       0
                swtext2                            105F     105F        A     20AA       0
                text92                             15DB     15DB       30     2BB6       0
                text91                             10D0     10D0        C     21A0       0
                text90                              E9F      E9F       A8     1D3E       0
                text89                              B4C      B4C       80     1698       0
                text88                             1FDC     1FDC        5     3FB8       0
                text87                              801      801        1     1002       0
                text86                             1118     1118        D     2230       0
                text85                             12FD     12FD       1C     25FA       0
                text84                              81E      81E       51     103C       0
                text83                             10DC     10DC        C     21B8       0
                text82                             106B     106B        8     20D6       0
                text81                             172B     172B       46     2E56       0
                text80                               9F       9F      1A0        8       0
                text78                             114E     114E        F     229C       0
                text77                             1FE6     1FE6        6     3FCC       0
                text76                              E0B      E0B       94     1C16       0
                text75                             119C     119C       12     2338       0
                text74                             12C7     12C7       1B     258E       0
                text73                              86F      86F       51     10DE       0
                text72                             11D2     11D2       14     23A4       0
                text71                             157D     157D       2F     2AFA       0
                text70                              CE9      CE9       90     19D2       0
                text69                                2        2        1        0       0
                text68                             11E6     11E6       14     23CC       0
                text67                              802      802       1C     1004       0
                text66                             17B7     17B7       49     2F6E       0
                text65                              AD0      AD0       7C     15A0       0
                text64                              A62      A62       6E     14C4       0
                text63                              74C      74C       AB        8       0
                text62                             12E2     12E2       1B     25C4       0
                text61                             124F     124F       17     249E       0
                text60                              98A      98A       6B     1314       0
                text59                             117B     117B       10     22F6       0
                text58                             1358     1358       22     26B0       0
                text57                             11FA     11FA       14     23F4       0
                text56                             1084     1084        9     2108       0
                text55                             127D     127D       18     24FA       0
                text54                             137A     137A       22     26F4       0
                text53                             120E     120E       15     241C       0
                text52                             108D     108D        9     211A       0
                text51                             1338     1338       20     2670       0
                text50                             1319     1319       1F     2632       0
                text49                             10E8     10E8        C     21D0       0
                text48                             1FCF     1FCF        3     3F9E       0
                text47                             1266     1266       17     24CC       0
                swtext1                            1055     1055        A     20AA       0
                text46                             14F6     14F6       2C     29EC       0
                text45                             1125     1125        D     224A       0
                text44                             10B1     10B1        A     2162       0
                text43                              F47      F47       B9     1E8E       0
                text42                             14A2     14A2       2A     2944       0
                text41                                3        3        1        6       0
                text40                              3D8      3D8      179        8       0
                text39                             142C     142C       27     2858       0
                text38                             160B     160B       33     2C16       0
                text37                             115D     115D        F     22BA       0
                text36                              68D      68D       BF        8       0
                text35                             11AE     11AE       12     235C       0
                text34                             1FEC     1FEC        6     3FD8       0
                text33                             116C     116C        F     22D8       0
                text32                             1453     1453       27     28A6       0
                text31                             147A     147A       28     28F4       0
                text30                             1FD2     1FD2        3     3FA4       0
                text29                             1FD8     1FD8        4     3FB0       0
                text28                             14CC     14CC       2A     2998       0
                text27                             10BB     10BB        A     2176       0
                text26                              922      922       68     1244       0
                text25                             139C     139C       23     2738       0
                text24                             1096     1096        9     212C       0
                text23                             109F     109F        9     213E       0
                text22                             10A8     10A8        9     2150       0
                text21                             1407     1407       25     280E       0
                text20                              7F7      7F7        9        8       0
                text19                             1522     1522       2D     2A44       0
                text18                             1073     1073        8     20E6       0
                text17                             11C0     11C0       12     2380       0
                text16                             15AC     15AC       2F     2B58       0
                text15                             154F     154F       2E     2A9E       0
                text14                             13BF     13BF       24     277E       0
                text13                             1672     1672       3C     2CE4       0
                text12                             16AE     16AE       3D     2D5C       0
                text11                             10F4     10F4        C     21E8       0
                text10                             1FE1     1FE1        5     3FC2       0
                text9                              1771     1771       46     2EE2       0
                text8                               9F5      9F5       6D     13EA       0
                text7                              1295     1295       18     252A       0
                text6                              16EB     16EB       40     2DD6       0
                text5                              163E     163E       34     2C7C       0
                text4                               551      551      13C        8       0
                text3                               8C0      8C0       62     1180       0
                text2                               D79      D79       92     1AF2       0
                text1                               23F      23F      199        8       0
                maintext                            BCC      BCC       8D     1798       0
                cstackBANK0                          20       20       2B       20       1
                cstackCOMMON                         70       70        E       70       1
                cstackBANK1                          EF       EF        1       A0       1
                clrtext                            1100     1100        C     2200       0
                inittext                           110C     110C        C     2218       0
                bssBANK5                            2A0      2A0       46      2A0       1
                dataBANK4                           220      220       24      220       1
                bssBANK3                            1A0      1A0       4F      1A0       1
                dataBANK2                           165      165        6      120       1
                bssBANK2                            120      120       45      120       1
                dataBANK1                            E4       E4        B       A0       1
                bssBANK1                             A0       A0       44       A0       1
                dataBANK0                            63       63        3       20       1
                bssBANK0                             4B       4B       18       20       1
                nvBANK4                             244      244        4      220       1
                nvBANK2                             16B      16B        4      120       1
                stringtext3                        1800     1800       2D     3000       0
                stringtext2                        1000     1000       55     2000       0
                stringtext1                        182D     182D        A     3000       0
                idataBANK4                         13E3     13E3       24     27C6       0
                idataBANK2                         1FF2     1FF2        6     3FE4       0
                idataBANK1                         10C5     10C5        B     218A       0
                idataBANK0                         1FD5     1FD5        3     3FAA       0

TOTAL           Name                               Link     Load   Length     Space
        CLASS   STACK          

        CLASS   CODE           
                end_init                             22       22        2         0
                cinit                                24       24       7B         0
                intentry                              4        4       1E         0
                reset_vec                             0        0        2         0
                text101                            12AD     12AD       1A         0
                text100                            1132     1132        E         0
                text99                             107B     107B        9         0
                text98                             1140     1140        E         0
                text97                              C59      C59       90         0
                text96                             1FF8     1FF8        8         0
                text95                             118B     118B       11         0
                text94                             1223     1223       16         0
                text93                             1239     1239       16         0
                text92                             15DB     15DB       30         0
                text91                             10D0     10D0        C         0
                text90                              E9F      E9F       A8         0
                text89                              B4C      B4C       80         0
                text88                             1FDC     1FDC        5         0
                text87                              801      801        1         0
                text86                             1118     1118        D         0
                text85                             12FD     12FD       1C         0
                text84                              81E      81E       51         0
                text83                             10DC     10DC        C         0
                text82                             106B     106B        8         0
                text81                             172B     172B       46         0
                text80                               9F       9F      1A0         0
                text78                             114E     114E        F         0
                text77                             1FE6     1FE6        6         0
                text76                              E0B      E0B       94         0
                text75                             119C     119C       12         0
                text74                             12C7     12C7       1B         0
                text73                              86F      86F       51         0
                text72                             11D2     11D2       14         0
                text71                             157D     157D       2F         0
                text70                              CE9      CE9       90         0
                text69                                2        2        1         0
                text68                             11E6     11E6       14         0
                text67                              802      802       1C         0
                text66                             17B7     17B7       49         0
                text65                              AD0      AD0       7C         0
                text64                              A62      A62       6E         0
                text63                              74C      74C       AB         0
                text62                             12E2     12E2       1B         0
                text61                             124F     124F       17         0
                text60                              98A      98A       6B         0
                text59                             117B     117B       10         0
                text58                             1358     1358       22         0
                text57                             11FA     11FA       14         0
                text56                             1084     1084        9         0
                text55                             127D     127D       18         0
                text54                             137A     137A       22         0
                text53                             120E     120E       15         0
                text52                             108D     108D        9         0
                text51                             1338     1338       20         0
                text50                             1319     1319       1F         0
                text49                             10E8     10E8        C         0
                text48                             1FCF     1FCF        3         0
                text47                             1266     1266       17         0
                text46                             14F6     14F6       2C         0
                text45                             1125     1125        D         0
                text44                             10B1     10B1        A         0
                text43                              F47      F47       B9         0
                text42                             14A2     14A2       2A         0
                text41                                3        3        1         0
                text40                              3D8      3D8      179         0
                text39                             142C     142C       27         0
                text38                             160B     160B       33         0
                text37                             115D     115D        F         0
                text36                              68D      68D       BF         0
                text35                             11AE     11AE       12         0
                text34                             1FEC     1FEC        6         0
                text33                             116C     116C        F         0
                text32                             1453     1453       27         0
                text31                             147A     147A       28         0
                text30                             1FD2     1FD2        3         0
                text29                             1FD8     1FD8        4         0
                text28                             14CC     14CC       2A         0
                text27                             10BB     10BB        A         0
                text26                              922      922       68         0
                text25                             139C     139C       23         0
                text24                             1096     1096        9         0
                text23                             109F     109F        9         0
                text22                             10A8     10A8        9         0
                text21                             1407     1407       25         0
                text20                              7F7      7F7        9         0
                text19                             1522     1522       2D         0
                text18                             1073     1073        8         0
                text17                             11C0     11C0       12         0
                text16                             15AC     15AC       2F         0
                text15                             154F     154F       2E         0
                text14                             13BF     13BF       24         0
                text13                             1672     1672       3C         0
                text12                             16AE     16AE       3D         0
                text11                             10F4     10F4        C         0
                text10                             1FE1     1FE1        5         0
                text9                              1771     1771       46         0
                text8                               9F5      9F5       6D         0
                text7                              1295     1295       18         0
                text6                              16EB     16EB       40         0
                text5                              163E     163E       34         0
                text4                               551      551      13C         0
                text3                               8C0      8C0       62         0
                text2                               D79      D79       92         0
                text1                               23F      23F      199         0
                maintext                            BCC      BCC       8D         0
                clrtext                            1100     1100        C         0
                inittext                           110C     110C        C         0
                idataBANK4                         13E3     13E3       24         0
                idataBANK2                         1FF2     1FF2        6         0
                idataBANK1                         10C5     10C5        B         0
                idataBANK0                         1FD5     1FD5        3         0

        CLASS   STRCODE        
                stringtext3                        1800     1800       2D         0
                stringtext2                        1000     1000       55         0
                stringtext1                        182D     182D        A         0

        CLASS   STRING         

        CLASS   CONST          
                swtext2                            105F     105F        A         0
                swtext1                            1055     1055        A         0

        CLASS   ENTRY          

        CLASS   COMMON         
                cstackCOMMON                         70       70        E         1

        CLASS   BANK0          
                cstackBANK0                          20       20       2B         1
                dataBANK0                            63       63        3         1
                bssBANK0                             4B       4B       18         1

        CLASS   BANK1          
                cstackBANK1                          EF       EF        1         1
                dataBANK1                            E4       E4        B         1
                bssBANK1                             A0       A0       44         1

        CLASS   BANK2          
                dataBANK2                           165      165        6         1
                bssBANK2                            120      120       45         1
                nvBANK2                             16B      16B        4         1

        CLASS   BANK3          
                bssBANK3                            1A0      1A0       4F         1

        CLASS   BANK4          
                dataBANK4                           220      220       24         1
                nvBANK4                             244      244        4         1

        CLASS   BANK5          
                bssBANK5                            2A0      2A0       46         1

        CLASS   BANK6          

        CLASS   BANK7          

        CLASS   BANK8          

        CLASS   BANK9          

        CLASS   BANK10         

        CLASS   BANK11         

        CLASS   BANK12         

        CLASS   BIGRAM         

        CLASS   RAM            

        CLASS   ABS1           
                abs_s1                               7E       7E        2         1
                abs_s1                              5CB      5CB       25         1
                abs_s1                              620      620       30         1
                abs_s1                             239B     239B        0         1

        CLASS   SFR0           

        CLASS   SFR1           

        CLASS   SFR2           

        CLASS   SFR3           

        CLASS   SFR4           

        CLASS   SFR5           

        CLASS   SFR6           

        CLASS   SFR7           

        CLASS   SFR8           

        CLASS   SFR9           

        CLASS   SFR10          

        CLASS   SFR11          

        CLASS   SFR12          

        CLASS   SFR13          

        CLASS   SFR14          

        CLASS   SFR15          

        CLASS   SFR16          

        CLASS   SFR17          

        CLASS   SFR18          

        CLASS   SFR19          

        CLASS   SFR20          

        CLASS   SFR21          

        CLASS   SFR22          

        CLASS   SFR23          

        CLASS   SFR24          

        CLASS   SFR25          

        CLASS   SFR26          

        CLASS   SFR27          

        CLASS   SFR28          

        CLASS   SFR29          

        CLASS   SFR30          

        CLASS   SFR31          

        CLASS   CONFIG         
                config                             8007     8007        5         0

        CLASS   IDLOC          

        CLASS   EEDATA         

        CLASS   BANK31         

        CLASS   BANK30         

        CLASS   BANK29         

        CLASS   BANK28         

        CLASS   BANK27         

        CLASS   BANK26         

        CLASS   BANK25         

        CLASS   BANK24         

        CLASS   BANK23         

        CLASS   BANK22         

        CLASS   BANK21         

        CLASS   BANK20         

        CLASS   BANK19         

        CLASS   BANK18         

        CLASS   BANK17         

        CLASS   BANK16         

        CLASS   BANK15         

        CLASS   BANK14         

        CLASS   BANK13         



SEGMENTS        Name                           Load    Length   Top    Selector   Space  Class     Delta

                reset_vec                      000000  000003  000003         0       0  CODE        2
                text41                         000003  000001  000004         6       0  CODE        2
                intentry                       000004  0007FC  000800         8       0  CODE        2
                cstackBANK0                    000020  000046  000066        20       1  BANK0       1
                cstackCOMMON                   000070  00000E  00007E        70       1  COMMON      1
                bssBANK1                       0000A0  000050  0000F0        A0       1  BANK1       1
                bssBANK2                       000120  00004F  00016F       120       1  BANK2       1
                bssBANK3                       0001A0  00004F  0001EF       1A0       1  BANK3       1
                dataBANK4                      000220  000028  000248       220       1  BANK4       1
                bssBANK5                       0002A0  000046  0002E6       2A0       1  BANK5       1
                text87                         000801  000001  000802      1002       0  CODE        2
                text67                         000802  00001C  00081E      1004       0  CODE        2
                text84                         00081E  000051  00086F      103C       0  CODE        2
                text73                         00086F  000051  0008C0      10DE       0  CODE        2
                text3                          0008C0  000062  000922      1180       0  CODE        2
                text26                         000922  000068  00098A      1244       0  CODE        2
                text60                         00098A  00006B  0009F5      1314       0  CODE        2
                text8                          0009F5  00006D  000A62      13EA       0  CODE        2
                text64                         000A62  00006E  000AD0      14C4       0  CODE        2
                text65                         000AD0  00007C  000B4C      15A0       0  CODE        2
                text89                         000B4C  000080  000BCC      1698       0  CODE        2
                maintext                       000BCC  00008D  000C59      1798       0  CODE        2
                text97                         000C59  000090  000CE9      18B2       0  CODE        2
                text70                         000CE9  000090  000D79      19D2       0  CODE        2
                text2                          000D79  000092  000E0B      1AF2       0  CODE        2
                text76                         000E0B  000094  000E9F      1C16       0  CODE        2
                text90                         000E9F  0000A8  000F47      1D3E       0  CODE        2
                text43                         000F47  0000B9  001000      1E8E       0  CODE        2
                stringtext2                    001000  000055  001055      2000       0  STRCODE     2
                swtext1                        001055  000014  001069      20AA       0  CONST       2
                text82                         00106B  000008  001073      20D6       0  CODE        2
                text18                         001073  000008  00107B      20E6       0  CODE        2
                text99                         00107B  000009  001084      20F6       0  CODE        2
                text56                         001084  000009  00108D      2108       0  CODE        2
                text52                         00108D  000009  001096      211A       0  CODE        2
                text24                         001096  000009  00109F      212C       0  CODE        2
                text23                         00109F  000009  0010A8      213E       0  CODE        2
                text22                         0010A8  000009  0010B1      2150       0  CODE        2
                text44                         0010B1  00000A  0010BB      2162       0  CODE        2
                text27                         0010BB  00000A  0010C5      2176       0  CODE        2
                idataBANK1                     0010C5  00000B  0010D0      218A       0  CODE        2
                text91                         0010D0  00000C  0010DC      21A0       0  CODE        2
                text83                         0010DC  00000C  0010E8      21B8       0  CODE        2
                text49                         0010E8  00000C  0010F4      21D0       0  CODE        2
                text11                         0010F4  00000C  001100      21E8       0  CODE        2
                clrtext                        001100  00000C  00110C      2200       0  CODE        2
                inittext                       00110C  00000C  001118      2218       0  CODE        2
                text86                         001118  00000D  001125      2230       0  CODE        2
                text45                         001125  00000D  001132      224A       0  CODE        2
                text100                        001132  00000E  001140      2264       0  CODE        2
                text98                         001140  00000E  00114E      2280       0  CODE        2
                text78                         00114E  00000F  00115D      229C       0  CODE        2
                text37                         00115D  00000F  00116C      22BA       0  CODE        2
                text33                         00116C  00000F  00117B      22D8       0  CODE        2
                text59                         00117B  000010  00118B      22F6       0  CODE        2
                text95                         00118B  000011  00119C      2316       0  CODE        2
                text75                         00119C  000012  0011AE      2338       0  CODE        2
                text35                         0011AE  000012  0011C0      235C       0  CODE        2
                text17                         0011C0  000012  0011D2      2380       0  CODE        2
                text72                         0011D2  000014  0011E6      23A4       0  CODE        2
                text68                         0011E6  000014  0011FA      23CC       0  CODE        2
                text57                         0011FA  000014  00120E      23F4       0  CODE        2
                text53                         00120E  000015  001223      241C       0  CODE        2
                text94                         001223  000016  001239      2446       0  CODE        2
                text93                         001239  000016  00124F      2472       0  CODE        2
                text61                         00124F  000017  001266      249E       0  CODE        2
                text47                         001266  000017  00127D      24CC       0  CODE        2
                text55                         00127D  000018  001295      24FA       0  CODE        2
                text7                          001295  000018  0012AD      252A       0  CODE        2
                text101                        0012AD  00001A  0012C7      255A       0  CODE        2
                text74                         0012C7  00001B  0012E2      258E       0  CODE        2
                text62                         0012E2  00001B  0012FD      25C4       0  CODE        2
                text85                         0012FD  00001C  001319      25FA       0  CODE        2
                text50                         001319  00001F  001338      2632       0  CODE        2
                text51                         001338  000020  001358      2670       0  CODE        2
                text58                         001358  000022  00137A      26B0       0  CODE        2
                text54                         00137A  000022  00139C      26F4       0  CODE        2
                text25                         00139C  000023  0013BF      2738       0  CODE        2
                text14                         0013BF  000024  0013E3      277E       0  CODE        2
                idataBANK4                     0013E3  000024  001407      27C6       0  CODE        2
                text21                         001407  000025  00142C      280E       0  CODE        2
                text39                         00142C  000027  001453      2858       0  CODE        2
                text32                         001453  000027  00147A      28A6       0  CODE        2
                text31                         00147A  000028  0014A2      28F4       0  CODE        2
                text42                         0014A2  00002A  0014CC      2944       0  CODE        2
                text28                         0014CC  00002A  0014F6      2998       0  CODE        2
                text46                         0014F6  00002C  001522      29EC       0  CODE        2
                text19                         001522  00002D  00154F      2A44       0  CODE        2
                text15                         00154F  00002E  00157D      2A9E       0  CODE        2
                text71                         00157D  00002F  0015AC      2AFA       0  CODE        2
                text16                         0015AC  00002F  0015DB      2B58       0  CODE        2
                text92                         0015DB  000030  00160B      2BB6       0  CODE        2
                text38                         00160B  000033  00163E      2C16       0  CODE        2
                text5                          00163E  000034  001672      2C7C       0  CODE        2
                text13                         001672  00003C  0016AE      2CE4       0  CODE        2
                text12                         0016AE  00003D  0016EB      2D5C       0  CODE        2
                text6                          0016EB  000040  00172B      2DD6       0  CODE        2
                text81                         00172B  000046  001771      2E56       0  CODE        2
                text9                          001771  000046  0017B7      2EE2       0  CODE        2
                text66                         0017B7  000049  001800      2F6E       0  CODE        2
                stringtext3                    001800  000037  001837      3000       0  STRCODE     2
                text48                         001FCF  000003  001FD2      3F9E       0  CODE        2
                text30                         001FD2  000003  001FD5      3FA4       0  CODE        2
                idataBANK0                     001FD5  000003  001FD8      3FAA       0  CODE        2
                text29                         001FD8  000004  001FDC      3FB0       0  CODE        2
                text88                         001FDC  000005  001FE1      3FB8       0  CODE        2
                text10                         001FE1  000005  001FE6      3FC2       0  CODE        2
                text77                         001FE6  000006  001FEC      3FCC       0  CODE        2
                text34                         001FEC  000006  001FF2      3FD8       0  CODE        2
                idataBANK2                     001FF2  000006  001FF8      3FE4       0  CODE        2
                text96                         001FF8  000008  002000      3FF0       0  CODE        2
                config                         008007  000005  00800C     1000E       0  CONFIG      2


UNUSED ADDRESS RANGES

        Name                Unused          Largest block    Delta
        BANK0            00066-0006F               A           1
        BANK10           00520-0056F              50           1
        BANK11           005A0-005CA              2B           1
        BANK2            0016F-0016F               1           1
        BANK3            001EF-001EF               1           1
        BANK4            00248-0026F              28           1
        BANK5            002E6-002EF               A           1
        BANK6            00320-0036F              50           1
        BANK7            003A0-003EF              50           1
        BANK8            00420-0046F              50           1
        BANK9            004A0-004EF              50           1
        BIGRAM           02000-023EF             3F0           1
        CODE             00800-00800               1           2
                         01069-0106A               2
                         01837-01FCE             798
        CONST            00800-00800               1           2
                         01069-0106A               2
                         01837-01FCE             100
        EEDATA           0F000-0F0FF             100           2
        ENTRY            00800-00800               1           2
                         01069-0106A               2
                         01837-01FCE             100
        IDLOC            08000-08003               4           2
        RAM              00066-0006F               A           1
                         0016F-0016F               1
                         001EF-001EF               1
                         00248-0026F              28
                         002E6-002EF               A
                         00320-0036F              50
                         003A0-003EF              50
                         00420-0046F              50
                         004A0-004EF              50
                         00520-0056F              50
                         005A0-005CA              2B
        SFR0             00000-0001F              20           1
        SFR1             00080-0009F              20           1
        SFR10            00500-0051F              20           1
        SFR11            00580-0059F              20           1
        SFR12            00600-0061F              20           1
        SFR13            00680-006EF              70           1
        SFR14            00700-0076F              70           1
        SFR15            00780-007EF              70           1
        SFR16            00800-0086F              70           1
        SFR17            00880-008EF              70           1
        SFR18            00900-0096F              70           1
        SFR19            00980-009EF              70           1
        SFR2             00100-0011F              20           1
        SFR20            00A00-00A6F              70           1
        SFR21            00A80-00AEF              70           1
        SFR22            00B00-00B6F              70           1
        SFR23            00B80-00BEF              70           1
        SFR24            00C00-00C6F              70           1
        SFR25            00C80-00CEF              70           1
        SFR26            00D00-00D6F              70           1
        SFR27            00D80-00DEF              70           1
        SFR28            00E00-00E6F              70           1
        SFR29            00E80-00EEF              70           1
        SFR3             00180-0019F              20           1
        SFR30            00F00-00F6F              70           1
        SFR31            00F80-00FEF              70           1
        SFR4             00200-0021F              20           1
        SFR5             00280-0029F              20           1
        SFR6             00300-0031F              20           1
        SFR7             00380-0039F              20           1
        SFR8             00400-0041F              20           1
        SFR9             00480-0049F              20           1
        STACK            021D6-0239A             1C5           1
        STRCODE          00800-00800               1           2
                         01069-0106A               2
                         01837-01FCE             798
        STRING           00800-00800               1           2
                         01069-0106A               2
                         01837-01FCE             100

                                  Symbol Table

?_MTOUCH_Sensor_RawSample_Get                                     cstackBANK0  0002E
?___awdiv                                                         cstackCOMMON 00070
?___awmod                                                         cstackBANK0  0002A
?___wmul                                                          cstackBANK0  0002A
?_abs                                                             cstackBANK0  0002E
?_medianFilter                                                    cstackBANK0  0002E
?i1___awmod                                                       cstackCOMMON 00079
?i1_abs                                                           cstackCOMMON 00070
ADCC_SetADTIInterruptHandler@InterruptHandler                     cstackBANK0  0002A
Button_Baseline_Initialize@button                                 cstackBANK0  00032
Button_Baseline_Update@button                                     cstackBANK0  0002A
Button_DefaultCallback@button                                     cstackBANK0  0002A
Button_Deviation_Update@button                                    cstackBANK0  0002A
Button_Deviation_Update@deviation                                 cstackBANK0  00036
Button_Reading_Update@button                                      cstackBANK0  00036
Button_Reading_Update_Helper@button                               cstackBANK0  00032
Button_Service@button                                             cstackBANK0  00043
Button_Service@name                                               cstackBANK0  00042
Button_State_Initializing@button                                  cstackBANK0  00038
Button_State_NotPressed@button                                    cstackBANK0  00038
Button_State_Pressed@button                                       cstackBANK0  00038
Button_Tick_helper@button                                         cstackBANK0  00030
DATAEE_ReadByte@bAdd                                              cstackBANK0  0002A
DATAEE_WriteByte@GIEBitValue                                      cstackCOMMON 00073
DATAEE_WriteByte@bAdd                                             cstackCOMMON 00070
DATAEE_WriteByte@bData                                            cstackCOMMON 00072
EUSART_SetErrorHandler@interruptHandler                           cstackBANK0  0002A
EUSART_SetFramingErrorHandler@interruptHandler                    cstackBANK0  0002A
EUSART_SetOverrunErrorHandler@interruptHandler                    cstackBANK0  0002A
EUSART_Write@txData                                               cstackBANK0  0002A
MTOUCH_Button_Initialize@button                                   cstackBANK0  00035
MTOUCH_Button_Initialize@name                                     cstackBANK0  00034
MTOUCH_Button_InitializeAll@button                                cstackBANK0  00038
MTOUCH_Button_ServiceAll@button                                   cstackBANK0  00046
MTOUCH_Button_Tick@i                                              cstackBANK0  00038
MTOUCH_Button_isPressed@name                                      cstackBANK0  00036
MTOUCH_Sensor_Calibrate@sensor                                    cstackBANK0  0002F
MTOUCH_Sensor_Enable@sensor                                       cstackBANK0  0002F
MTOUCH_Sensor_Initialize@sensor                                   cstackBANK0  00031
MTOUCH_Sensor_InitializeAll@sensor                                cstackBANK0  00033
MTOUCH_Sensor_RawSample_Get@name                                  cstackBANK0  00031
MTOUCH_Sensor_Sampled_ResetAll@sensor                             cstackBANK0  0002C
MTOUCH_Sensor_Scan_Initialize@state                               cstackBANK0  0002C
MTOUCH_Sensor_Service@sensor                                      cstackCOMMON 0007D
MTOUCH_Sensor_isCalibrated@sensor                                 cstackBANK0  00030
MTOUCH_Sensor_isEnabled@sensor                                    cstackBANK0  0002F
MTOUCH_Sensor_isSamplingComplete@sensor                           cstackBANK0  00036
MTOUCH_Sensor_postAcquisitionProcess@name                         cstackBANK0  0003B
MTOUCH_Sensor_wasSampled@sensor                                   cstackBANK0  0002F
MTOUCH_Service_Mainloop@mask                                      cstackBANK0  00048
MTOUCH_needReburst@needReburst                                    cstackBANK0  0002A
OnHold@irTriggered                                                bssBANK0     00057
OnHold@matterTriggered                                            bssBANK1     000D9
OnHold@touch                                                      cstackBANK0  0002D
Sensor_DefaultCallback@sensor                                     cstackBANK0  0002A
Sensor_FrequencyHopping_Autotune_Process@frequencyIndex           cstackBANK0  0003E
Sensor_FrequencyHopping_Autotune_Process@maxVariance              cstackBANK0  0003A
Sensor_FrequencyHopping_Autotune_Process@newfrequencyFound        cstackBANK0  00037
Sensor_FrequencyHopping_Autotune_Process@selectedFrequency        cstackBANK0  0003D
Sensor_FrequencyHopping_Autotune_Process@sensor                   cstackBANK0  0003C
Sensor_FrequencyHopping_Autotune_Process@variance                 cstackBANK0  00038
Sensor_FrequencyHopping_Autotune_Process@varianceOverLimitCounter bssBANK1     000B0
Sensor_RawSample_Update@result                                    cstackBANK0  00037
Sensor_RawSample_Update@sensor                                    cstackBANK0  00039
Sensor_Sampled_Reset@sensor                                       cstackBANK0  0002A
Sensor_SetTrisBit@TrisBit                                         cstackBANK0  0002A
Sensor_SetTrisBit@sensor                                          cstackBANK0  0002B
Sensor_autoCalibration@name                                       cstackCOMMON 00078
Sensor_autoCalibration@sensor                                     cstackCOMMON 00079
Sensor_isCalibrated@sensor                                        cstackBANK0  0002B
Sensor_isCalibratingAcqTime@sensor                                cstackBANK0  0002A
Sensor_scheduleNextScan@sensor                                    cstackBANK0  00034
Sensor_scheduleNextScan@skipScan                                  cstackBANK0  00033
Sensor_scheduleNextScan@state                                     cstackBANK0  00032
Sensor_setCalibratAcqTime@sensor                                  cstackCOMMON 00071
Sensor_setCalibrated@sensor                                       cstackCOMMON 00070
Sensor_setSampled@sensor                                          cstackCOMMON 00070
_ADACC                                                            (abs)        00090
_ADACCH                                                           (abs)        00091
_ADACCL                                                           (abs)        00090
_ADACQ                                                            (abs)        0009D
_ADACT                                                            (abs)        00099
_ADCAP                                                            (abs)        0009B
_ADCC_ADTI_InterruptHandler                                       nvBANK2      0016D
_ADCC_DefaultInterruptHandler                                     text87       00801
_ADCC_Initialize                                                  text25       0139C
_ADCC_SetADTIInterruptHandler                                     text52       0108D
_ADCC_ThresholdISR                                                text86       01118
_ADCC_ThresholdISR_mTouch                                         text88       01FDC
_ADCLK                                                            (abs)        00098
_ADCNT                                                            (abs)        0010C
_ADCON0                                                           (abs)        00093
_ADCON0bits                                                       (abs)        00093
_ADCON1                                                           (abs)        00094
_ADCON1bits                                                       (abs)        00094
_ADCON2                                                           (abs)        00095
_ADCON2bits                                                       (abs)        00095
_ADCON3                                                           (abs)        00096
_ADCON3bits                                                       (abs)        00096
_ADERRH                                                           (abs)        00117
_ADERRL                                                           (abs)        00116
_ADFLTR                                                           (abs)        00114
_ADFLTRH                                                          (abs)        00115
_ADFLTRL                                                          (abs)        00114
_ADLTHH                                                           (abs)        0010F
_ADLTHL                                                           (abs)        0010E
_ADPCH                                                            (abs)        0009E
_ADPRE                                                            (abs)        0009C
_ADPREVH                                                          (abs)        0008F
_ADPREVL                                                          (abs)        0008E
_ADREF                                                            (abs)        0009A
_ADRESH                                                           (abs)        0008D
_ADRESL                                                           (abs)        0008C
_ADRPT                                                            (abs)        0010D
_ADSTAT                                                           (abs)        00097
_ADSTATbits                                                       (abs)        00097
_ADSTPTH                                                          (abs)        00113
_ADSTPTL                                                          (abs)        00112
_ADUTHH                                                           (abs)        00111
_ADUTHL                                                           (abs)        00110
_ANSELA                                                           (abs)        00F38
_ANSELB                                                           (abs)        00F43
_ANSELC                                                           (abs)        00F4E
_BAUD1CON                                                         (abs)        0011F
_Button_Baseline_Initialize                                       text71       0157D
_Button_Baseline_Update                                           text70       00CE9
_Button_DefaultCallback                                           text69       00002
_Button_Deviation_Update                                          text76       00E0B
_Button_Reading_Update                                            text72       011D2
_Button_Reading_Update_Helper                                     text73       0086F
_Button_Service                                                   text60       0098A
_Button_StateMachine                                              dataBANK2    00165
_Button_State_Initializing                                        text64       00A62
_Button_State_NotPressed                                          text63       0074C
_Button_State_Pressed                                             text65       00AD0
_Button_Tick_helper                                               text32       01453
_CCPR2L                                                           (abs)        00310
_CCPR5H                                                           (abs)        0031D
_CCPR5L                                                           (abs)        0031C
_DATAEE_ReadByte                                                  text78       0114E
_DATAEE_WriteByte                                                 text85       012FD
_EUSART_DefaultErrorHandler                                       (abs)        00000
_EUSART_DefaultFramingErrorHandler                                (abs)        00000
_EUSART_DefaultOverrunErrorHandler                                (abs)        00000
_EUSART_ErrorHandler                                              nvBANK4      00244
_EUSART_FramingErrorHandler                                       nvBANK2      0016B
_EUSART_Initialize                                                text21       01407
_EUSART_OverrunErrorHandler                                       nvBANK4      00246
_EUSART_Read                                                      text11       010F4
_EUSART_SetErrorHandler                                           text24       01096
_EUSART_SetFramingErrorHandler                                    text23       0109F
_EUSART_SetOverrunErrorHandler                                    text22       010A8
_EUSART_Write                                                     text27       010BB
_EUSART_is_rx_ready                                               text10       01FE1
_GIE                                                              (abs)        0005F
_INLVLA                                                           (abs)        00F3C
_INLVLB                                                           (abs)        00F47
_INLVLC                                                           (abs)        00F52
_INLVLE                                                           (abs)        00F68
_INTCONbits                                                       (abs)        0000B
_INTERRUPT_InterruptManager                                       intentry     00004
_InitExternal_INT                                                 text77       01FE6
_LATA                                                             (abs)        00016
_LATB                                                             (abs)        00017
_LATC                                                             (abs)        00018
_LATCbits                                                         (abs)        00018
_MTOUCH_Button_Initialize                                         text66       017B7
_MTOUCH_Button_InitializeAll                                      text58       01358
_MTOUCH_Button_ServiceAll                                         text59       0117B
_MTOUCH_Button_Tick                                               text31       0147A
_MTOUCH_Button_isPressed                                          text16       015AC
_MTOUCH_Initialize                                                text49       010E8
_MTOUCH_Sensor_ADCC_Initialize                                    text51       01338
_MTOUCH_Sensor_Calibrate                                          text68       011E6
_MTOUCH_Sensor_Enable                                             text57       011FA
_MTOUCH_Sensor_Initialize                                         text55       0127D
_MTOUCH_Sensor_InitializeAll                                      text54       0137A
_MTOUCH_Sensor_RawSample_Get                                      text74       012C7
_MTOUCH_Sensor_SampleAll                                          text33       0116C
_MTOUCH_Sensor_Sampled_ResetAll                                   text53       0120E
_MTOUCH_Sensor_Scan_Initialize                                    text50       01319
_MTOUCH_Sensor_Service                                            text89       00B4C
_MTOUCH_Sensor_isCalibrated                                       text62       012E2
_MTOUCH_Sensor_isEnabled                                          text47       01266
_MTOUCH_Sensor_isSampling                                         text48       01FCF
_MTOUCH_Sensor_isSamplingComplete                                 text42       014A2
_MTOUCH_Sensor_postAcquisitionProcess                             text38       0160B
_MTOUCH_Sensor_wasSampled                                         text61       0124F
_MTOUCH_Service_Mainloop                                          text28       014CC
_MTOUCH_Tick                                                      text30       01FD2
_MTOUCH_needReburst                                               text29       01FD8
_NVMADRH                                                          (abs)        0081B
_NVMADRL                                                          (abs)        0081A
_NVMCON1bits                                                      (abs)        0081E
_NVMCON2                                                          (abs)        0081F
_NVMDATH                                                          (abs)        0081D
_NVMDATL                                                          (abs)        0081C
_ODCONA                                                           (abs)        00F3A
_ODCONB                                                           (abs)        00F45
_ODCONC                                                           (abs)        00F50
_OSCCON1                                                          (abs)        0088D
_OSCCON3                                                          (abs)        0088F
_OSCEN                                                            (abs)        00891
_OSCFRQ                                                           (abs)        00893
_OSCILLATOR_Initialize                                            text20       007F7
_OSCTUNE                                                          (abs)        00892
_OnHold                                                           text26       00922
_PIE0bits                                                         (abs)        00716
_PIE1bits                                                         (abs)        00717
_PIN_MANAGER_Initialize                                           text19       01522
_PIR0bits                                                         (abs)        0070C
_PIR1bits                                                         (abs)        0070D
_PIR3bits                                                         (abs)        0070F
_PMD0                                                             (abs)        00796
_PMD1                                                             (abs)        00797
_PMD2                                                             (abs)        00798
_PMD3                                                             (abs)        00799
_PMD4                                                             (abs)        0079A
_PMD5                                                             (abs)        0079B
_PMD_Initialize                                                   text18       01073
_PORTBbits                                                        (abs)        0000D
_PPSLOCK                                                          (abs)        00E8F
_PPSLOCKbits                                                      (abs)        00E8F
_RA5PPS                                                           (abs)        00F15
_RC1REG                                                           (abs)        00119
_RC1STA                                                           (abs)        0011D
_RC1STAbits                                                       (abs)        0011D
_RC6PPS                                                           (abs)        00F26
_RXPPS                                                            (abs)        00ECB
_SLRCONA                                                          (abs)        00F3B
_SLRCONB                                                          (abs)        00F46
_SLRCONC                                                          (abs)        00F51
_SP1BRGH                                                          (abs)        0011C
_SP1BRGL                                                          (abs)        0011B
_SYSTEM_Initialize                                                text17       011C0
_Sensor_DefaultCallback                                           text41       00003
_Sensor_FrequencyHopping                                          text34       01FEC
_Sensor_FrequencyHopping_Autotune_Process                         text36       0068D
_Sensor_RawSample_Update                                          text39       0142C
_Sensor_Sampled_Reset                                             text56       01084
_Sensor_SetTrisBit                                                text46       014F6
_Sensor_autoCalibration                                           text97       00C59
_Sensor_isCalibrated                                              text45       01125
_Sensor_isCalibratingAcqTime                                      text44       010B1
_Sensor_scheduleNextScan                                          text43       00F47
_Sensor_setCalibratAcqTime                                        text101      012AD
_Sensor_setCalibrated                                             text100      01132
_Sensor_setSamplePeriod                                           text35       011AE
_Sensor_setSampled                                                text96       01FF8
_TRISA                                                            (abs)        00011
_TRISAbits                                                        (abs)        00011
_TRISB                                                            (abs)        00012
_TRISC                                                            (abs)        00013
_TX1REG                                                           (abs)        0011A
_TX1STA                                                           (abs)        0011E
_TX1STAbits                                                       (abs)        0011E
_WPUA                                                             (abs)        00F39
_WPUB                                                             (abs)        00F44
_WPUC                                                             (abs)        00F4F
_WPUE                                                             (abs)        00F65
__CFG_BOREN$NSLEEP                                                (abs)        00000
__CFG_BORV$LO                                                     (abs)        00000
__CFG_CLKOUTEN$OFF                                                (abs)        00000
__CFG_CP$OFF                                                      (abs)        00000
__CFG_CPD$OFF                                                     (abs)        00000
__CFG_CSWEN$ON                                                    (abs)        00000
__CFG_DEBUG$OFF                                                   (abs)        00000
__CFG_FCMEN$ON                                                    (abs)        00000
__CFG_FEXTOSC$OFF                                                 (abs)        00000
__CFG_LPBOREN$OFF                                                 (abs)        00000
__CFG_LVP$ON                                                      (abs)        00000
__CFG_MCLRE$ON                                                    (abs)        00000
__CFG_PPS1WAY$OFF                                                 (abs)        00000
__CFG_PWRTE$OFF                                                   (abs)        00000
__CFG_RSTOSC$HFINT1                                               (abs)        00000
__CFG_SCANE$available                                             (abs)        00000
__CFG_STVREN$ON                                                   (abs)        00000
__CFG_WDTCCS$SC                                                   (abs)        00000
__CFG_WDTCPS$WDTCPS_31                                            (abs)        00000
__CFG_WDTCWS$WDTCWS_7                                             (abs)        00000
__CFG_WDTE$OFF                                                    (abs)        00000
__CFG_WRT$OFF                                                     (abs)        00000
__CFG_ZCD$OFF                                                     (abs)        00000
__Habs1                                                           abs1         00000
__Hbank0                                                          bank0        00000
__Hbank1                                                          bank1        00000
__Hbank10                                                         bank10       00000
__Hbank11                                                         bank11       00000
__Hbank12                                                         bank12       00000
__Hbank13                                                         bank13       00000
__Hbank14                                                         bank14       00000
__Hbank15                                                         bank15       00000
__Hbank16                                                         bank16       00000
__Hbank17                                                         bank17       00000
__Hbank18                                                         bank18       00000
__Hbank19                                                         bank19       00000
__Hbank2                                                          bank2        00000
__Hbank20                                                         bank20       00000
__Hbank21                                                         bank21       00000
__Hbank22                                                         bank22       00000
__Hbank23                                                         bank23       00000
__Hbank24                                                         bank24       00000
__Hbank25                                                         bank25       00000
__Hbank26                                                         bank26       00000
__Hbank27                                                         bank27       00000
__Hbank28                                                         bank28       00000
__Hbank29                                                         bank29       00000
__Hbank3                                                          bank3        00000
__Hbank30                                                         bank30       00000
__Hbank31                                                         bank31       00000
__Hbank4                                                          bank4        00000
__Hbank5                                                          bank5        00000
__Hbank6                                                          bank6        00000
__Hbank7                                                          bank7        00000
__Hbank8                                                          bank8        00000
__Hbank9                                                          bank9        00000
__Hbigram                                                         bigram       00000
__HbssBANK0                                                       bssBANK0     00000
__HbssBANK1                                                       bssBANK1     00000
__HbssBANK2                                                       bssBANK2     00000
__HbssBANK3                                                       bssBANK3     00000
__HbssBANK5                                                       bssBANK5     00000
__Hcinit                                                          cinit        0009F
__Hclrtext                                                        clrtext      00000
__Hcode                                                           code         00000
__Hcommon                                                         common       00000
__Hconfig                                                         config       0800C
__HcstackBANK0                                                    cstackBANK0  00000
__HcstackBANK1                                                    cstackBANK1  00000
__HcstackCOMMON                                                   cstackCOMMON 00000
__HdataBANK0                                                      dataBANK0    00000
__HdataBANK1                                                      dataBANK1    00000
__HdataBANK2                                                      dataBANK2    00000
__HdataBANK4                                                      dataBANK4    00000
__Heeprom_data                                                    eeprom_data  00000
__Hend_init                                                       end_init     00024
__Hfunctab                                                        functab      00000
__HidataBANK0                                                     idataBANK0   00000
__HidataBANK1                                                     idataBANK1   00000
__HidataBANK2                                                     idataBANK2   00000
__HidataBANK4                                                     idataBANK4   00000
__Hidloc                                                          idloc        00000
__Hinit                                                           init         00022
__Hinittext                                                       inittext     00000
__Hintentry                                                       intentry     00022
__Hmaintext                                                       maintext     00000
__HnvBANK2                                                        nvBANK2      00000
__HnvBANK4                                                        nvBANK4      00000
__Hpowerup                                                        powerup      00000
__Hram                                                            ram          00000
__Hreset_vec                                                      reset_vec    00002
__Hsfr0                                                           sfr0         00000
__Hsfr1                                                           sfr1         00000
__Hsfr10                                                          sfr10        00000
__Hsfr11                                                          sfr11        00000
__Hsfr12                                                          sfr12        00000
__Hsfr13                                                          sfr13        00000
__Hsfr14                                                          sfr14        00000
__Hsfr15                                                          sfr15        00000
__Hsfr16                                                          sfr16        00000
__Hsfr17                                                          sfr17        00000
__Hsfr18                                                          sfr18        00000
__Hsfr19                                                          sfr19        00000
__Hsfr2                                                           sfr2         00000
__Hsfr20                                                          sfr20        00000
__Hsfr21                                                          sfr21        00000
__Hsfr22                                                          sfr22        00000
__Hsfr23                                                          sfr23        00000
__Hsfr24                                                          sfr24        00000
__Hsfr25                                                          sfr25        00000
__Hsfr26                                                          sfr26        00000
__Hsfr27                                                          sfr27        00000
__Hsfr28                                                          sfr28        00000
__Hsfr29                                                          sfr29        00000
__Hsfr3                                                           sfr3         00000
__Hsfr30                                                          sfr30        00000
__Hsfr31                                                          sfr31        00000
__Hsfr4                                                           sfr4         00000
__Hsfr5                                                           sfr5         00000
__Hsfr6                                                           sfr6         00000
__Hsfr7                                                           sfr7         00000
__Hsfr8                                                           sfr8         00000
__Hsfr9                                                           sfr9         00000
__Hspace_0                                                        (abs)        0800C
__Hspace_1                                                        (abs)        002E6
__Hspace_2                                                        (abs)        00000
__Hspace_3                                                        (abs)        00000
__Hstack                                                          stack        00000
__Hstrings                                                        strings      00000
__Hstringtext1                                                    stringtext1  00000
__Hstringtext2                                                    stringtext2  00000
__Hstringtext3                                                    stringtext3  00000
__Htext                                                           text         00000
__Labs1                                                           abs1         00000
__Lbank0                                                          bank0        00000
__Lbank1                                                          bank1        00000
__Lbank10                                                         bank10       00000
__Lbank11                                                         bank11       00000
__Lbank12                                                         bank12       00000
__Lbank13                                                         bank13       00000
__Lbank14                                                         bank14       00000
__Lbank15                                                         bank15       00000
__Lbank16                                                         bank16       00000
__Lbank17                                                         bank17       00000
__Lbank18                                                         bank18       00000
__Lbank19                                                         bank19       00000
__Lbank2                                                          bank2        00000
__Lbank20                                                         bank20       00000
__Lbank21                                                         bank21       00000
__Lbank22                                                         bank22       00000
__Lbank23                                                         bank23       00000
__Lbank24                                                         bank24       00000
__Lbank25                                                         bank25       00000
__Lbank26                                                         bank26       00000
__Lbank27                                                         bank27       00000
[...]
      Locals:         1       0       0       0       0       0       0       0       0       0       0       0       0       0
      Temps:          1       0       0       0       0       0       0       0       0       0       0       0       0       0
      Totals:         2       0       0       0       0       0       0       0       0       0       0       0       0       0
Total ram usage:        2 bytes
 Hardware stack levels used:    1
 Hardware stack levels required when called:    1
 This function calls:
		i1___bmul
 This function is called by:
		i1_Sensor_scheduleNextScan
 This function uses a non-reentrant model


 *************** function i1_MTOUCH_Sensor_isEnabled *****************
 Defined at:
		line 824 in file "mcc_generated_files/mtouch/mtouch_sensor.c"
 Parameters:    Size  Location     Type
  sensor          1    wreg     enum E14537
 Auto vars:     Size  Location     Type
  sensor          1    5[COMMON] enum E14537
 Return value:  Size  Location     Type
                  1    wreg      unsigned char 
 Registers used:
		wreg, fsr1l, fsr1h, status,2, status,0, pclath, cstack
 Tracked objects:
		On entry : 
		On exit  : 
		Unchanged: 
 Data sizes:     COMMON   BANK0   BANK1   BANK2   BANK3   BANK4   BANK5   BANK6   BANK7   BANK8   BANK9  BANK10  BANK11  BANK12
      Params:         0       0       0       0       0       0       0       0       0       0       0       0       0       0
      Locals:         1       0       0       0       0       0       0       0       0       0       0       0       0       0
      Temps:          1       0       0       0       0       0       0       0       0       0       0       0       0       0
      Totals:         2       0       0       0       0       0       0       0       0       0       0       0       0       0
Total ram usage:        2 bytes
 Hardware stack levels used:    1
 Hardware stack levels required when called:    1
 This function calls:
		i1___bmul
 This function is called by:
		i1_Sensor_scheduleNextScan
 This function uses a non-reentrant model


 *************** function i1___bmul *****************
 Defined at:
		line 4 in file "C:\Program Files (x86)\Microchip\xc8\v1.43\sources\common\Umul8.c"
 Parameters:    Size  Location     Type
  multiplier      1    wreg     unsigned char 
  multiplicand    1    0[COMMON] unsigned char 
 Auto vars:     Size  Location     Type
  multiplier      1    2[COMMON] unsigned char 
  __bmul          1    3[COMMON] unsigned char 
 Return value:  Size  Location     Type
                  1    wreg      unsigned char 
 Registers used:
		wreg, status,2, status,0
 Tracked objects:
		On entry : 
		On exit  : 
		Unchanged: 
 Data sizes:     COMMON   BANK0   BANK1   BANK2   BANK3   BANK4   BANK5   BANK6   BANK7   BANK8   BANK9  BANK10  BANK11  BANK12
      Params:         1       0       0       0       0       0       0       0       0       0       0       0       0       0
      Locals:         2       0       0       0       0       0       0       0       0       0       0       0       0       0
      Temps:          1       0       0       0       0       0       0       0       0       0       0       0       0       0
      Totals:         4       0       0       0       0       0       0       0       0       0       0       0       0       0
Total ram usage:        4 bytes
 Hardware stack levels used:    1
 This function calls:
		Nothing
 This function is called by:
		_MTOUCH_Sensor_Service
		i1_Sensor_scheduleNextScan
		i1_MTOUCH_Sensor_isEnabled
		i1_MTOUCH_Sensor_wasSampled
 This function uses a non-reentrant model


 *************** function _Sensor_setSampled *****************
 Defined at:
		line 949 in file "mcc_generated_files/mtouch/mtouch_sensor.c"
 Parameters:    Size  Location     Type
  sensor          1    wreg     PTR struct .
		 -> mtouch_sensor(45), 
 Auto vars:     Size  Location     Type
  sensor          1    0[COMMON] PTR struct .
		 -> mtouch_sensor(45), 
 Return value:  Size  Location     Type
                  1    wreg      void 
 Registers used:
		wreg, fsr1l, fsr1h, status,2, status,0
 Tracked objects:
		On entry : 
		On exit  : 
		Unchanged: 
 Data sizes:     COMMON   BANK0   BANK1   BANK2   BANK3   BANK4   BANK5   BANK6   BANK7   BANK8   BANK9  BANK10  BANK11  BANK12
      Params:         0       0       0       0       0       0       0       0       0       0       0       0       0       0
      Locals:         1       0       0       0       0       0       0       0       0       0       0       0       0       0
      Temps:          0       0       0       0       0       0       0       0       0       0       0       0       0       0
      Totals:         1       0       0       0       0       0       0       0       0       0       0       0       0       0
Total ram usage:        1 bytes
 Hardware stack levels used:    1
 This function calls:
		Nothing
 This function is called by:
		_MTOUCH_Sensor_Service
 This function uses a non-reentrant model


 *************** function _Sensor_autoCalibration *****************
 Defined at:
		line 476 in file "mcc_generated_files/mtouch/mtouch_sensor.c"
 Parameters:    Size  Location     Type
  sensor          1    wreg     PTR struct .
		 -> mtouch_sensor(45), 
 Auto vars:     Size  Location     Type
  sensor          1    9[COMMON] PTR struct .
		 -> mtouch_sensor(45), 
  name            1    8[COMMON] enum E14537
 Return value:  Size  Location     Type
                  1    wreg      enum E14543
 Registers used:
		wreg, fsr1l, fsr1h, status,2, status,0, pclath, cstack
 Tracked objects:
		On entry : 
		On exit  : 
		Unchanged: 
 Data sizes:     COMMON   BANK0   BANK1   BANK2   BANK3   BANK4   BANK5   BANK6   BANK7   BANK8   BANK9  BANK10  BANK11  BANK12
      Params:         0       0       0       0       0       0       0       0       0       0       0       0       0       0
      Locals:         2       0       0       0       0       0       0       0       0       0       0       0       0       0
      Temps:          4       0       0       0       0       0       0       0       0       0       0       0       0       0
      Totals:         6       0       0       0       0       0       0       0       0       0       0       0       0       0
Total ram usage:        6 bytes
 Hardware stack levels used:    1
 Hardware stack levels required when called:    1
 This function calls:
		_Sensor_setCalibratAcqTime
		_Sensor_setCalibrated
		i1_Sensor_isCalibratingAcqTime
		i1_abs
 This function is called by:
		_MTOUCH_Sensor_Service
 This function uses a non-reentrant model


 *************** function i1_abs *****************
 Defined at:
		line 4 in file "C:\Program Files (x86)\Microchip\xc8\v1.43\sources\common\abs.c"
 Parameters:    Size  Location     Type
  a               2    0[COMMON] int 
 Auto vars:     Size  Location     Type
		None
 Return value:  Size  Location     Type
                  2    0[COMMON] int 
 Registers used:
		wreg, status,2, status,0
 Tracked objects:
		On entry : 
		On exit  : 
		Unchanged: 
 Data sizes:     COMMON   BANK0   BANK1   BANK2   BANK3   BANK4   BANK5   BANK6   BANK7   BANK8   BANK9  BANK10  BANK11  BANK12
      Params:         2       0       0       0       0       0       0       0       0       0       0       0       0       0
      Locals:         0       0       0       0       0       0       0       0       0       0       0       0       0       0
      Temps:          2       0       0       0       0       0       0       0       0       0       0       0       0       0
      Totals:         4       0       0       0       0       0       0       0       0       0       0       0       0       0
Total ram usage:        4 bytes
 Hardware stack levels used:    1
 This function calls:
		Nothing
 This function is called by:
		_Sensor_autoCalibration
		_MTOUCH_Sensor_Service
 This function uses a non-reentrant model


 *************** function i1_Sensor_isCalibratingAcqTime *****************
 Defined at:
		line 914 in file "mcc_generated_files/mtouch/mtouch_sensor.c"
 Parameters:    Size  Location     Type
  sensor          1    wreg     PTR struct .
		 -> mtouch_sensor(45), 
 Auto vars:     Size  Location     Type
  sensor          1    0[COMMON] PTR struct .
		 -> mtouch_sensor(45), 
 Return value:  Size  Location     Type
                  1    wreg      unsigned char 
 Registers used:
		wreg, fsr1l, fsr1h, status,2, status,0
 Tracked objects:
		On entry : 
		On exit  : 
		Unchanged: 
 Data sizes:     COMMON   BANK0   BANK1   BANK2   BANK3   BANK4   BANK5   BANK6   BANK7   BANK8   BANK9  BANK10  BANK11  BANK12
      Params:         0       0       0       0       0       0       0       0       0       0       0       0       0       0
      Locals:         1       0       0       0       0       0       0       0       0       0       0       0       0       0
      Temps:          0       0       0       0       0       0       0       0       0       0       0       0       0       0
      Totals:         1       0       0       0       0       0       0       0       0       0       0       0       0       0
Total ram usage:        1 bytes
 Hardware stack levels used:    1
 This function calls:
		Nothing
 This function is called by:
		_Sensor_autoCalibration
		i1_Sensor_scheduleNextScan
 This function uses a non-reentrant model


 *************** function _Sensor_setCalibrated *****************
 Defined at:
		line 901 in file "mcc_generated_files/mtouch/mtouch_sensor.c"
 Parameters:    Size  Location     Type
  sensor          1    wreg     PTR struct .
		 -> mtouch_sensor(45), 
 Auto vars:     Size  Location     Type
  sensor          1    0[COMMON] PTR struct .
		 -> mtouch_sensor(45), 
 Return value:  Size  Location     Type
                  1    wreg      void 
 Registers used:
		wreg, fsr1l, fsr1h, status,2, status,0
 Tracked objects:
		On entry : 
		On exit  : 
		Unchanged: 
 Data sizes:     COMMON   BANK0   BANK1   BANK2   BANK3   BANK4   BANK5   BANK6   BANK7   BANK8   BANK9  BANK10  BANK11  BANK12
      Params:         0       0       0       0       0       0       0       0       0       0       0       0       0       0
      Locals:         1       0       0       0       0       0       0       0       0       0       0       0       0       0
      Temps:          0       0       0       0       0       0       0       0       0       0       0       0       0       0
      Totals:         1       0       0       0       0       0       0       0       0       0       0       0       0       0
Total ram usage:        1 bytes
 Hardware stack levels used:    1
 This function calls:
		Nothing
 This function is called by:
		_Sensor_autoCalibration
 This function uses a non-reentrant model


 *************** function _Sensor_setCalibratAcqTime *****************
 Defined at:
		line 907 in file "mcc_generated_files/mtouch/mtouch_sensor.c"
 Parameters:    Size  Location     Type
  sensor          1    wreg     PTR struct .
		 -> mtouch_sensor(45), 
 Auto vars:     Size  Location     Type
  sensor          1    1[COMMON] PTR struct .
		 -> mtouch_sensor(45), 
 Return value:  Size  Location     Type
                  1    wreg      void 
 Registers used:
		wreg, fsr1l, fsr1h, status,2, status,0
 Tracked objects:
		On entry : 
		On exit  : 
		Unchanged: 
 Data sizes:     COMMON   BANK0   BANK1   BANK2   BANK3   BANK4   BANK5   BANK6   BANK7   BANK8   BANK9  BANK10  BANK11  BANK12
      Params:         0       0       0       0       0       0       0       0       0       0       0       0       0       0
      Locals:         1       0       0       0       0       0       0       0       0       0       0       0       0       0
      Temps:          1       0       0       0       0       0       0       0       0       0       0       0       0       0
      Totals:         2       0       0       0       0       0       0       0       0       0       0       0       0       0
Total ram usage:        2 bytes
 Hardware stack levels used:    1
 This function calls:
		Nothing
 This function is called by:
		_Sensor_autoCalibration
 This function uses a non-reentrant model



MODULE INFORMATION

Module		Function		Class		Link	Load	Size
mcc_generated_files/mtouch/mtouch_button.c
		_Button_Deviation_Update		CODE           	0E0B	0000	149
		_MTOUCH_Button_isPressed		CODE           	15AC	0000	48
		_MTOUCH_Button_Initialize		CODE           	17B7	0000	74
		_Button_Tick_helper		CODE           	1453	0000	40
		_MTOUCH_Button_InitializeAll		CODE           	1358	0000	35
		_Button_Baseline_Update		CODE           	0CE9	0000	145
		_Button_State_Pressed		CODE           	0AD0	0000	125
		_Button_Reading_Update		CODE           	11D2	0000	21
		_Button_DefaultCallback		CODE           	0002	0000	2
		_MTOUCH_Button_Tick		CODE           	147A	0000	41
		_Button_State_NotPressed		CODE           	074C	0000	172
		_Button_Reading_Update_Helper		CODE           	086F	0000	82
		_Button_Service		CODE           	098A	0000	108
		_Button_State_Initializing		CODE           	0A62	0000	111
		_MTOUCH_Button_ServiceAll		CODE           	117B	0000	17
		_Button_Baseline_Initialize		CODE           	157D	0000	48

mcc_generated_files/mtouch/mtouch_button.c estimated size: 1218

mcc_generated_files/interrupt_manager.c
		_InitExternal_INT		CODE           	1FE6	0000	7
		_INTERRUPT_InterruptManager		CODE           	0004	0000	31

mcc_generated_files/interrupt_manager.c estimated size: 38

C:\Program Files (x86)\Microchip\xc8\v1.43\sources\common\awdiv.c
		___awdiv       		CODE           	081E	0000	82

C:\Program Files (x86)\Microchip\xc8\v1.43\sources\common\awdiv.c estimated size: 82

mcc_generated_files/mtouch/mtouch.c
		_MTOUCH_Tick   		CODE           	1FD2	0000	4
		_MTOUCH_Initialize		CODE           	10E8	0000	13
		_MTOUCH_Service_Mainloop		CODE           	14CC	0000	43
		_MTOUCH_needReburst		CODE           	1FD8	0000	5

mcc_generated_files/mtouch/mtouch.c estimated size: 65

mcc_generated_files/pin_manager.c
		_PIN_MANAGER_Initialize		CODE           	1522	0000	46

mcc_generated_files/pin_manager.c estimated size: 46

C:\Program Files (x86)\Microchip\xc8\v1.43\sources\common\Umul8.c
		___bmul        		CODE           	119C	0000	19

C:\Program Files (x86)\Microchip\xc8\v1.43\sources\common\Umul8.c estimated size: 19

touch_handler.c
		_processFanSpeedControlU		CODE           	16EB	0000	65
		_processToggle 		CODE           	1672	0000	61
		_syncFanToggleState		CODE           	1295	0000	25
		_OnHold        		CODE           	0922	0000	105
		_handleGeneralTouchControls		CODE           	16AE	0000	62

touch_handler.c estimated size: 318

shared
		i1_Sensor_isCalibrated		CODE           	10D0	0000	13
		i1_abs         		CODE           	1140	0000	15
		i1_EUSART_Write		CODE           	106B	0000	9
		i1_Sensor_isCalibratingAcqTime		CODE           	107B	0000	10
		__initialization		CODE           	0024	0000	120
		_mtouch_button_init		STRCODE        	1000	0000	86
		_mtouch_sensor_init		STRCODE        	1800	0000	46
		i1___awmod     		CODE           	172B	0000	71
		i1_DATAEE_ReadByte		CODE           	10DC	0000	13
		i1___bmul      		CODE           	118B	0000	18
		_speedDelays   		STRCODE        	182D	0000	11
		i1_Sensor_SetTrisBit		CODE           	15DB	0000	49
		i1_MTOUCH_Sensor_wasSampled		CODE           	1239	0000	23
		i1_MTOUCH_Sensor_isEnabled		CODE           	1223	0000	23
		i1_Sensor_scheduleNextScan		CODE           	0E9F	0000	169

shared estimated size: 676

mcc_generated_files/mcc.c
		_PMD_Initialize		CODE           	1073	0000	9
		_OSCILLATOR_Initialize		CODE           	07F7	0000	10
		_SYSTEM_Initialize		CODE           	11C0	0000	19

mcc_generated_files/mcc.c estimated size: 38

C:\Program Files (x86)\Microchip\xc8\v1.43\sources\common\abs.c
		_abs           		CODE           	115D	0000	16

C:\Program Files (x86)\Microchip\xc8\v1.43\sources\common\abs.c estimated size: 16

mcc_generated_files/memory.c
		_DATAEE_WriteByte		CODE           	12FD	0000	29
		_DATAEE_ReadByte		CODE           	114E	0000	16

mcc_generated_files/memory.c estimated size: 45

C:\Program Files (x86)\Microchip\xc8\v1.43\sources\common\Umul16.c
		___wmul        		CODE           	0802	0000	29

C:\Program Files (x86)\Microchip\xc8\v1.43\sources\common\Umul16.c estimated size: 29

uart_handler.c
		_handleUARTCommands		CODE           	0551	0000	317

uart_handler.c estimated size: 317

mcc_generated_files/eusart.c
		_EUSART_Read   		CODE           	10F4	0000	13
		_EUSART_Write  		CODE           	10BB	0000	11
		_EUSART_Initialize		CODE           	1407	0000	38
		_EUSART_SetFramingErrorHandler		CODE           	109F	0000	10
		_EUSART_SetErrorHandler		CODE           	1096	0000	10
		_EUSART_SetOverrunErrorHandler		CODE           	10A8	0000	10
		_EUSART_is_rx_ready		CODE           	1FE1	0000	6

mcc_generated_files/eusart.c estimated size: 98

mcc_generated_files/adcc.c
		_ADCC_DefaultInterruptHandler		CODE           	0801	0000	2
		_ADCC_SetADTIInterruptHandler		CODE           	108D	0000	10
		_ADCC_ThresholdISR		CODE           	1118	0000	14
		_ADCC_Initialize		CODE           	139C	0000	36

mcc_generated_files/adcc.c estimated size: 62

ir_handler.c
		_ir_handler    		CODE           	023F	0000	410
		_decodeIRSignal		CODE           	009F	0000	417

ir_handler.c estimated size: 827

main.c
		_main          		CODE           	0BCC	0000	142

main.c estimated size: 142

load_handler.c
		_handleFanToggleU		CODE           	09F5	0000	110
		_setLightState 		CODE           	154F	0000	47
		_uartLight     		CODE           	163E	0000	53
		_updateLight   		CODE           	13BF	0000	37
		_handleFanSpeedChange		CODE           	08C0	0000	99
		_handleFanToggle		CODE           	0D79	0000	147

load_handler.c estimated size: 493

C:\Program Files (x86)\Microchip\xc8\v1.43\sources\common\awmod.c
		___awmod       		CODE           	1771	0000	71

C:\Program Files (x86)\Microchip\xc8\v1.43\sources\common\awmod.c estimated size: 71

mcc_generated_files/mtouch/mtouch_sensor.c
		_MTOUCH_Sensor_isSamplingComplete		CODE           	14A2	0000	43
		_Sensor_setCalibrated		CODE           	1132	0000	15
		_MTOUCH_Sensor_isEnabled		CODE           	1266	0000	24
		_Sensor_FrequencyHopping_Autotune_Process		CODE           	068D	0000	192
		_Sensor_isCalibrated		CODE           	1125	0000	14
		_MTOUCH_Sensor_Initialize		CODE           	127D	0000	25
		_Sensor_scheduleNextScan		CODE           	0F47	0000	186
		_Sensor_Sampled_Reset		CODE           	1084	0000	10
		_MTOUCH_Sensor_InitializeAll		CODE           	137A	0000	35
		_MTOUCH_Sensor_Service		CODE           	0B4C	0000	129
		_Sensor_DefaultCallback		CODE           	0003	0000	2
		_MTOUCH_Sensor_ADCC_Initialize		CODE           	1338	0000	33
		_MTOUCH_Sensor_postAcquisitionProcess		CODE           	160B	0000	52
		_medianFilter  		CODE           	03D8	0000	378
		_MTOUCH_Sensor_isCalibrated		CODE           	12E2	0000	28
		_MTOUCH_Sensor_Calibrate		CODE           	11E6	0000	21
		_MTOUCH_Sensor_Sampled_ResetAll		CODE           	120E	0000	22
		_MTOUCH_Sensor_Enable		CODE           	11FA	0000	21
		_Sensor_setSampled		CODE           	1FF8	0000	9
		_Sensor_isCalibratingAcqTime		CODE           	10B1	0000	11
		_MTOUCH_Sensor_RawSample_Get		CODE           	12C7	0000	28
		_MTOUCH_Sensor_SampleAll		CODE           	116C	0000	16
		_MTOUCH_Sensor_wasSampled		CODE           	124F	0000	24
		_Sensor_SetTrisBit		CODE           	14F6	0000	45
		_Sensor_autoCalibration		CODE           	0C59	0000	145
		_MTOUCH_Sensor_Scan_Initialize		CODE           	1319	0000	32
		_ADCC_ThresholdISR_mTouch		CODE           	1FDC	0000	6
		_Sensor_RawSample_Update		CODE           	142C	0000	40
		_MTOUCH_Sensor_isSampling		CODE           	1FCF	0000	4
		_Sensor_setCalibratAcqTime		CODE           	12AD	0000	27
		_Sensor_setSamplePeriod		CODE           	11AE	0000	19
		_Sensor_FrequencyHopping		CODE           	1FEC	0000	7

mcc_generated_files/mtouch/mtouch_sensor.c estimated size: 1643

